[  1%] Building CXX object CMakeFiles/SongbirdPlayer.dir/app/SongbirdEditor.cpp.o
In file included from /Users/Ashu/Code/songbird-chirp/app/SongbirdEditor.cpp:1:
In file included from /Users/Ashu/Code/songbird-chirp/app/SongbirdEditor.h:8:
In file included from /Users/Ashu/Code/songbird-chirp/libraries/magenta/LyriaPlugin.h:4:
In file included from /Users/Ashu/Code/songbird-chirp/libraries/magenta/Gemini.h:3:
In file included from /Users/Ashu/Code/songbird-chirp/libraries/magenta/GeminiTypes.h:3:
/Users/Ashu/Code/songbird-chirp/libraries/magenta/MagentaAliases.h:20:9: warning: 'ASIO_STANDALONE' macro redefined [-Wmacro-redefined]
   20 | #define ASIO_STANDALONE
      |         ^
<command line>:1:9: note: previous definition is here
    1 | #define ASIO_STANDALONE 1
      |         ^
In file included from /Users/Ashu/Code/songbird-chirp/app/SongbirdEditor.cpp:1:
In file included from /Users/Ashu/Code/songbird-chirp/app/SongbirdEditor.h:8:
In file included from /Users/Ashu/Code/songbird-chirp/libraries/magenta/LyriaPlugin.h:4:
In file included from /Users/Ashu/Code/songbird-chirp/libraries/magenta/Gemini.h:3:
In file included from /Users/Ashu/Code/songbird-chirp/libraries/magenta/GeminiTypes.h:3:
/Users/Ashu/Code/songbird-chirp/libraries/magenta/MagentaAliases.h:21:9: warning: '_WEBSOCKETPP_CPP11_STRICT_' macro redefined [-Wmacro-redefined]
   21 | #define _WEBSOCKETPP_CPP11_STRICT_
      |         ^
<command line>:30:9: note: previous definition is here
   30 | #define _WEBSOCKETPP_CPP11_STRICT_ 1
      |         ^
In file included from /Users/Ashu/Code/songbird-chirp/app/SongbirdEditor.cpp:1:
In file included from /Users/Ashu/Code/songbird-chirp/app/SongbirdEditor.h:8:
In file included from /Users/Ashu/Code/songbird-chirp/libraries/magenta/LyriaPlugin.h:4:
In file included from /Users/Ashu/Code/songbird-chirp/libraries/magenta/Gemini.h:3:
In file included from /Users/Ashu/Code/songbird-chirp/libraries/magenta/GeminiTypes.h:3:
In file included from /Users/Ashu/Code/songbird-chirp/libraries/magenta/MagentaAliases.h:22:
In file included from /Users/Ashu/Code/songbird-chirp/libraries/websocketpp/websocketpp/client.hpp:31:
In file included from /Users/Ashu/Code/songbird-chirp/libraries/websocketpp/websocketpp/roles/client_endpoint.hpp:31:
In file included from /Users/Ashu/Code/songbird-chirp/libraries/websocketpp/websocketpp/endpoint.hpp:31:
In file included from /Users/Ashu/Code/songbird-chirp/libraries/websocketpp/websocketpp/connection.hpp:31:
In file included from /Users/Ashu/Code/songbird-chirp/libraries/websocketpp/websocketpp/close.hpp:36:
/Users/Ashu/Code/songbird-chirp/libraries/websocketpp/websocketpp/error.hpp:261:18: warning: dynamic exception specifications are deprecated [-Wdeprecated-dynamic-exception-spec]
  261 |     ~exception() throw() {}
      |                  ^~~~~~~
/Users/Ashu/Code/songbird-chirp/libraries/websocketpp/websocketpp/error.hpp:261:18: note: use 'noexcept' instead
  261 |     ~exception() throw() {}
      |                  ^~~~~~~
      |                  noexcept
/Users/Ashu/Code/songbird-chirp/libraries/websocketpp/websocketpp/error.hpp:263:39: warning: dynamic exception specifications are deprecated [-Wdeprecated-dynamic-exception-spec]
  263 |     virtual char const * what() const throw() {
      |                                       ^~~~~~~
/Users/Ashu/Code/songbird-chirp/libraries/websocketpp/websocketpp/error.hpp:263:39: note: use 'noexcept' instead
  263 |     virtual char const * what() const throw() {
      |                                       ^~~~~~~
      |                                       noexcept
/Users/Ashu/Code/songbird-chirp/libraries/websocketpp/websocketpp/error.hpp:267:34: warning: dynamic exception specifications are deprecated [-Wdeprecated-dynamic-exception-spec]
  267 |     lib::error_code code() const throw() {
      |                                  ^~~~~~~
/Users/Ashu/Code/songbird-chirp/libraries/websocketpp/websocketpp/error.hpp:267:34: note: use 'noexcept' instead
  267 |     lib::error_code code() const throw() {
      |                                  ^~~~~~~
      |                                  noexcept
In file included from /Users/Ashu/Code/songbird-chirp/app/SongbirdEditor.cpp:1:
In file included from /Users/Ashu/Code/songbird-chirp/app/SongbirdEditor.h:8:
In file included from /Users/Ashu/Code/songbird-chirp/libraries/magenta/LyriaPlugin.h:4:
In file included from /Users/Ashu/Code/songbird-chirp/libraries/magenta/Gemini.h:3:
In file included from /Users/Ashu/Code/songbird-chirp/libraries/magenta/GeminiTypes.h:3:
In file included from /Users/Ashu/Code/songbird-chirp/libraries/magenta/MagentaAliases.h:22:
In file included from /Users/Ashu/Code/songbird-chirp/libraries/websocketpp/websocketpp/client.hpp:31:
In file included from /Users/Ashu/Code/songbird-chirp/libraries/websocketpp/websocketpp/roles/client_endpoint.hpp:31:
In file included from /Users/Ashu/Code/songbird-chirp/libraries/websocketpp/websocketpp/endpoint.hpp:31:
In file included from /Users/Ashu/Code/songbird-chirp/libraries/websocketpp/websocketpp/connection.hpp:33:
/Users/Ashu/Code/songbird-chirp/libraries/websocketpp/websocketpp/frame.hpp:834:13: warning: implicit conversion loses integer precision: 'size_t' (aka 'unsigned long') to 'uint32_t' (aka 'unsigned int') [-Wshorten-64-to-32]
  834 |     key.i = prepared_key;
      |           ~ ^~~~~~~~~~~~
In file included from /Users/Ashu/Code/songbird-chirp/app/SongbirdEditor.cpp:1:
In file included from /Users/Ashu/Code/songbird-chirp/app/SongbirdEditor.h:8:
In file included from /Users/Ashu/Code/songbird-chirp/libraries/magenta/LyriaPlugin.h:4:
In file included from /Users/Ashu/Code/songbird-chirp/libraries/magenta/Gemini.h:3:
In file included from /Users/Ashu/Code/songbird-chirp/libraries/magenta/GeminiTypes.h:3:
In file included from /Users/Ashu/Code/songbird-chirp/libraries/magenta/MagentaAliases.h:22:
In file included from /Users/Ashu/Code/songbird-chirp/libraries/websocketpp/websocketpp/client.hpp:31:
In file included from /Users/Ashu/Code/songbird-chirp/libraries/websocketpp/websocketpp/roles/client_endpoint.hpp:31:
In file included from /Users/Ashu/Code/songbird-chirp/libraries/websocketpp/websocketpp/endpoint.hpp:31:
In file included from /Users/Ashu/Code/songbird-chirp/libraries/websocketpp/websocketpp/connection.hpp:38:
/Users/Ashu/Code/songbird-chirp/libraries/websocketpp/websocketpp/http/constants.hpp:294:22: warning: dynamic exception specifications are deprecated [-Wdeprecated-dynamic-exception-spec]
  294 |         ~exception() throw() {}
      |                      ^~~~~~~
/Users/Ashu/Code/songbird-chirp/libraries/websocketpp/websocketpp/http/constants.hpp:294:22: note: use 'noexcept' instead
  294 |         ~exception() throw() {}
      |                      ^~~~~~~
      |                      noexcept
/Users/Ashu/Code/songbird-chirp/libraries/websocketpp/websocketpp/http/constants.hpp:296:42: warning: dynamic exception specifications are deprecated [-Wdeprecated-dynamic-exception-spec]
  296 |         virtual const char* what() const throw() {
      |                                          ^~~~~~~
/Users/Ashu/Code/songbird-chirp/libraries/websocketpp/websocketpp/http/constants.hpp:296:42: note: use 'noexcept' instead
  296 |         virtual const char* what() const throw() {
      |                                          ^~~~~~~
      |                                          noexcept
In file included from /Users/Ashu/Code/songbird-chirp/app/SongbirdEditor.cpp:1:
In file included from /Users/Ashu/Code/songbird-chirp/app/SongbirdEditor.h:8:
In file included from /Users/Ashu/Code/songbird-chirp/libraries/magenta/LyriaPlugin.h:4:
In file included from /Users/Ashu/Code/songbird-chirp/libraries/magenta/Gemini.h:3:
In file included from /Users/Ashu/Code/songbird-chirp/libraries/magenta/GeminiTypes.h:3:
In file included from /Users/Ashu/Code/songbird-chirp/libraries/magenta/MagentaAliases.h:22:
In file included from /Users/Ashu/Code/songbird-chirp/libraries/websocketpp/websocketpp/client.hpp:31:
In file included from /Users/Ashu/Code/songbird-chirp/libraries/websocketpp/websocketpp/roles/client_endpoint.hpp:31:
In file included from /Users/Ashu/Code/songbird-chirp/libraries/websocketpp/websocketpp/endpoint.hpp:31:
In file included from /Users/Ashu/Code/songbird-chirp/libraries/websocketpp/websocketpp/connection.hpp:1640:
In file included from /Users/Ashu/Code/songbird-chirp/libraries/websocketpp/websocketpp/impl/connection_impl.hpp:31:
In file included from /Users/Ashu/Code/songbird-chirp/libraries/websocketpp/websocketpp/processors/hybi00.hpp:36:
/Users/Ashu/Code/songbird-chirp/libraries/websocketpp/websocketpp/common/md5.hpp:201:43: warning: zero as null pointer constant [-Wzero-as-null-pointer-constant]
  201 |         if (!((data - (md5_byte_t const *)0) & 3)) {
      |                                           ^
      |                                           nullptr
/Users/Ashu/Code/songbird-chirp/libraries/websocketpp/websocketpp/common/md5.hpp:203:13: warning: cast from 'const md5_byte_t *' (aka 'const unsigned char *') to 'const md5_word_t *' (aka 'const unsigned int *') increases required alignment from 1 to 4 [-Wcast-align]
  203 |         X = (md5_word_t const *)data;
      |             ^~~~~~~~~~~~~~~~~~~~~~~~
/Users/Ashu/Code/songbird-chirp/libraries/websocketpp/websocketpp/common/md5.hpp:229:56: warning: implicit conversion changes signedness: 'int' to 'md5_word_t' (aka 'unsigned int') [-Wsign-conversion]
  229 |         xbuf[i] = xp[0] + (xp[1] << 8) + (xp[2] << 16) + (xp[3] << 24);
      |                 ~ ~~~~~~~~~~~~~~~~~~~~~~~~~~~~~~~~~~~~~^~~~~~~~~~~~~~~
/Users/Ashu/Code/songbird-chirp/libraries/websocketpp/websocketpp/common/md5.hpp:374:17: warning: implicit conversion changes signedness: 'int' to 'size_t' (aka 'unsigned long') [-Wsign-conversion]
  374 |     int copy = (offset + nbytes > 64 ? 64 - offset : static_cast<int>(nbytes));
      |                 ^~~~~~ ~
/Users/Ashu/Code/songbird-chirp/libraries/websocketpp/websocketpp/common/md5.hpp:376:39: warning: implicit conversion changes signedness: 'int' to 'size_t' (aka 'unsigned long') [-Wsign-conversion]
  376 |     std::memcpy(pms->buf + offset, p, copy);
      |     ~~~                               ^~~~
/Users/Ashu/Code/songbird-chirp/libraries/websocketpp/websocketpp/common/md5.hpp:380:13: warning: implicit conversion changes signedness: 'int' to 'size_t' (aka 'unsigned long') [-Wsign-conversion]
  380 |     left -= copy;
      |          ~~ ^~~~
In file included from /Users/Ashu/Code/songbird-chirp/app/SongbirdEditor.cpp:1:
In file included from /Users/Ashu/Code/songbird-chirp/app/SongbirdEditor.h:8:
In file included from /Users/Ashu/Code/songbird-chirp/libraries/magenta/LyriaPlugin.h:4:
In file included from /Users/Ashu/Code/songbird-chirp/libraries/magenta/Gemini.h:3:
In file included from /Users/Ashu/Code/songbird-chirp/libraries/magenta/GeminiTypes.h:3:
In file included from /Users/Ashu/Code/songbird-chirp/libraries/magenta/MagentaAliases.h:22:
In file included from /Users/Ashu/Code/songbird-chirp/libraries/websocketpp/websocketpp/client.hpp:31:
In file included from /Users/Ashu/Code/songbird-chirp/libraries/websocketpp/websocketpp/roles/client_endpoint.hpp:31:
In file included from /Users/Ashu/Code/songbird-chirp/libraries/websocketpp/websocketpp/endpoint.hpp:31:
In file included from /Users/Ashu/Code/songbird-chirp/libraries/websocketpp/websocketpp/connection.hpp:1640:
In file included from /Users/Ashu/Code/songbird-chirp/libraries/websocketpp/websocketpp/impl/connection_impl.hpp:32:
In file included from /Users/Ashu/Code/songbird-chirp/libraries/websocketpp/websocketpp/processors/hybi07.hpp:31:
In file included from /Users/Ashu/Code/songbird-chirp/libraries/websocketpp/websocketpp/processors/hybi08.hpp:31:
In file included from /Users/Ashu/Code/songbird-chirp/libraries/websocketpp/websocketpp/processors/hybi13.hpp:37:
/Users/Ashu/Code/songbird-chirp/libraries/websocketpp/websocketpp/sha1/sha1.hpp:171:36: warning: implicit conversion changes signedness: 'int' to 'unsigned int' [-Wsign-conversion]
  171 |     w[lastBlockBytes >> 2] |= 0x80 << ((3 - (lastBlockBytes & 3)) << 3);
      |                            ~~ ~~~~~^~~~~~~~~~~~~~~~~~~~~~~~~~~~~~~~~~~~
/Users/Ashu/Code/songbird-chirp/libraries/websocketpp/websocketpp/sha1/sha1.hpp:176:24: warning: implicit conversion loses integer precision: 'size_t' (aka 'unsigned long') to 'unsigned int' [-Wshorten-64-to-32]
  176 |     w[15] = bytelength << 3;
      |           ~ ~~~~~~~~~~~^~~~
In file included from /Users/Ashu/Code/songbird-chirp/app/SongbirdEditor.cpp:1:
In file included from /Users/Ashu/Code/songbird-chirp/app/SongbirdEditor.h:8:
In file included from /Users/Ashu/Code/songbird-chirp/libraries/magenta/LyriaPlugin.h:4:
In file included from /Users/Ashu/Code/songbird-chirp/libraries/magenta/Gemini.h:3:
In file included from /Users/Ashu/Code/songbird-chirp/libraries/magenta/GeminiTypes.h:3:
In file included from /Users/Ashu/Code/songbird-chirp/libraries/magenta/MagentaAliases.h:22:
In file included from /Users/Ashu/Code/songbird-chirp/libraries/websocketpp/websocketpp/client.hpp:31:
In file included from /Users/Ashu/Code/songbird-chirp/libraries/websocketpp/websocketpp/roles/client_endpoint.hpp:31:
In file included from /Users/Ashu/Code/songbird-chirp/libraries/websocketpp/websocketpp/endpoint.hpp:31:
In file included from /Users/Ashu/Code/songbird-chirp/libraries/websocketpp/websocketpp/connection.hpp:1640:
In file included from /Users/Ashu/Code/songbird-chirp/libraries/websocketpp/websocketpp/impl/connection_impl.hpp:32:
In file included from /Users/Ashu/Code/songbird-chirp/libraries/websocketpp/websocketpp/processors/hybi07.hpp:31:
In file included from /Users/Ashu/Code/songbird-chirp/libraries/websocketpp/websocketpp/processors/hybi08.hpp:31:
In file included from /Users/Ashu/Code/songbird-chirp/libraries/websocketpp/websocketpp/processors/hybi13.hpp:38:
/Users/Ashu/Code/songbird-chirp/libraries/websocketpp/websocketpp/base64/base64.hpp:77:63: warning: implicit conversion loses integer precision: 'int' to 'unsigned char' [-Wimplicit-int-conversion]
   77 |             char_array_4[1] = ((char_array_3[0] & 0x03) << 4) +
      |                             ~ ~~~~~~~~~~~~~~~~~~~~~~~~~~~~~~~~^
   78 |                               ((char_array_3[1] & 0xf0) >> 4);
      |                               ~~~~~~~~~~~~~~~~~~~~~~~~~~~~~~~
/Users/Ashu/Code/songbird-chirp/libraries/websocketpp/websocketpp/base64/base64.hpp:79:63: warning: implicit conversion loses integer precision: 'int' to 'unsigned char' [-Wimplicit-int-conversion]
   79 |             char_array_4[2] = ((char_array_3[1] & 0x0f) << 2) +
      |                             ~ ~~~~~~~~~~~~~~~~~~~~~~~~~~~~~~~~^
   80 |                               ((char_array_3[2] & 0xc0) >> 6);
      |                               ~~~~~~~~~~~~~~~~~~~~~~~~~~~~~~~
/Users/Ashu/Code/songbird-chirp/libraries/websocketpp/websocketpp/base64/base64.hpp:96:59: warning: implicit conversion loses integer precision: 'int' to 'unsigned char' [-Wimplicit-int-conversion]
   96 |         char_array_4[1] = ((char_array_3[0] & 0x03) << 4) +
      |                         ~ ~~~~~~~~~~~~~~~~~~~~~~~~~~~~~~~~^
   97 |                           ((char_array_3[1] & 0xf0) >> 4);
      |                           ~~~~~~~~~~~~~~~~~~~~~~~~~~~~~~~
/Users/Ashu/Code/songbird-chirp/libraries/websocketpp/websocketpp/base64/base64.hpp:98:59: warning: implicit conversion loses integer precision: 'int' to 'unsigned char' [-Wimplicit-int-conversion]
   98 |         char_array_4[2] = ((char_array_3[1] & 0x0f) << 2) +
      |                         ~ ~~~~~~~~~~~~~~~~~~~~~~~~~~~~~~~~^
   99 |                           ((char_array_3[2] & 0xc0) >> 6);
      |                           ~~~~~~~~~~~~~~~~~~~~~~~~~~~~~~~
/Users/Ashu/Code/songbird-chirp/libraries/websocketpp/websocketpp/base64/base64.hpp:139:58: warning: implicit conversion changes signedness: 'const value_type' (aka 'const char') to 'unsigned char' [-Wsign-conversion]
  139 |     while (in_len-- && ( input[in_] != '=') && is_base64(input[in_])) {
      |                                                ~~~~~~~~~ ^~~~~~~~~~
/Users/Ashu/Code/songbird-chirp/libraries/websocketpp/websocketpp/base64/base64.hpp:139:64: warning: implicit conversion changes signedness: 'int' to 'size_type' (aka 'unsigned long') [-Wsign-conversion]
  139 |     while (in_len-- && ( input[in_] != '=') && is_base64(input[in_])) {
      |                                                          ~~~~~ ^~~
/Users/Ashu/Code/songbird-chirp/libraries/websocketpp/websocketpp/base64/base64.hpp:139:32: warning: implicit conversion changes signedness: 'int' to 'size_type' (aka 'unsigned long') [-Wsign-conversion]
  139 |     while (in_len-- && ( input[in_] != '=') && is_base64(input[in_])) {
      |                          ~~~~~ ^~~
/Users/Ashu/Code/songbird-chirp/libraries/websocketpp/websocketpp/base64/base64.hpp:140:29: warning: implicit conversion changes signedness: 'const value_type' (aka 'const char') to 'unsigned char' [-Wsign-conversion]
  140 |         char_array_4[i++] = input[in_]; in_++;
      |                           ~ ^~~~~~~~~~
/Users/Ashu/Code/songbird-chirp/libraries/websocketpp/websocketpp/base64/base64.hpp:140:35: warning: implicit conversion changes signedness: 'int' to 'size_type' (aka 'unsigned long') [-Wsign-conversion]
  140 |         char_array_4[i++] = input[in_]; in_++;
      |                             ~~~~~ ^~~
/Users/Ashu/Code/songbird-chirp/libraries/websocketpp/websocketpp/base64/base64.hpp:143:80: warning: implicit conversion changes signedness: 'unsigned char' to 'value_type' (aka 'char') [-Wsign-conversion]
  143 |                 char_array_4[i] = static_cast<unsigned char>(base64_chars.find(char_array_4[i]));
      |                                                                           ~~~~ ^~~~~~~~~~~~~~~
/Users/Ashu/Code/songbird-chirp/libraries/websocketpp/websocketpp/base64/base64.hpp:146:54: warning: implicit conversion loses integer precision: 'int' to 'unsigned char' [-Wimplicit-int-conversion]
  146 |             char_array_3[0] = (char_array_4[0] << 2) + ((char_array_4[1] & 0x30) >> 4);
      |                             ~ ~~~~~~~~~~~~~~~~~~~~~~~^~~~~~~~~~~~~~~~~~~~~~~~~~~~~~~~~
/Users/Ashu/Code/songbird-chirp/libraries/websocketpp/websocketpp/base64/base64.hpp:147:62: warning: implicit conversion loses integer precision: 'int' to 'unsigned char' [-Wimplicit-int-conversion]
  147 |             char_array_3[1] = ((char_array_4[1] & 0xf) << 4) + ((char_array_4[2] & 0x3c) >> 2);
      |                             ~ ~~~~~~~~~~~~~~~~~~~~~~~~~~~~~~~^~~~~~~~~~~~~~~~~~~~~~~~~~~~~~~~~
/Users/Ashu/Code/songbird-chirp/libraries/websocketpp/websocketpp/base64/base64.hpp:148:62: warning: implicit conversion loses integer precision: 'int' to 'unsigned char' [-Wimplicit-int-conversion]
  148 |             char_array_3[2] = ((char_array_4[2] & 0x3) << 6) + char_array_4[3];
      |                             ~ ~~~~~~~~~~~~~~~~~~~~~~~~~~~~~~~^~~~~~~~~~~~~~~~~
/Users/Ashu/Code/songbird-chirp/libraries/websocketpp/websocketpp/base64/base64.hpp:151:24: warning: implicit conversion changes signedness: 'unsigned char' to 'value_type' (aka 'char') [-Wsign-conversion]
  151 |                 ret += char_array_3[i];
      |                     ~~ ^~~~~~~~~~~~~~~
/Users/Ashu/Code/songbird-chirp/libraries/websocketpp/websocketpp/base64/base64.hpp:162:76: warning: implicit conversion changes signedness: 'unsigned char' to 'value_type' (aka 'char') [-Wsign-conversion]
  162 |             char_array_4[j] = static_cast<unsigned char>(base64_chars.find(char_array_4[j]));
      |                                                                       ~~~~ ^~~~~~~~~~~~~~~
/Users/Ashu/Code/songbird-chirp/libraries/websocketpp/websocketpp/base64/base64.hpp:164:50: warning: implicit conversion loses integer precision: 'int' to 'unsigned char' [-Wimplicit-int-conversion]
  164 |         char_array_3[0] = (char_array_4[0] << 2) + ((char_array_4[1] & 0x30) >> 4);
      |                         ~ ~~~~~~~~~~~~~~~~~~~~~~~^~~~~~~~~~~~~~~~~~~~~~~~~~~~~~~~~
/Users/Ashu/Code/songbird-chirp/libraries/websocketpp/websocketpp/base64/base64.hpp:165:58: warning: implicit conversion loses integer precision: 'int' to 'unsigned char' [-Wimplicit-int-conversion]
  165 |         char_array_3[1] = ((char_array_4[1] & 0xf) << 4) + ((char_array_4[2] & 0x3c) >> 2);
      |                         ~ ~~~~~~~~~~~~~~~~~~~~~~~~~~~~~~~^~~~~~~~~~~~~~~~~~~~~~~~~~~~~~~~~
/Users/Ashu/Code/songbird-chirp/libraries/websocketpp/websocketpp/base64/base64.hpp:166:58: warning: implicit conversion loses integer precision: 'int' to 'unsigned char' [-Wimplicit-int-conversion]
  166 |         char_array_3[2] = ((char_array_4[2] & 0x3) << 6) + char_array_4[3];
      |                         ~ ~~~~~~~~~~~~~~~~~~~~~~~~~~~~~~~^~~~~~~~~~~~~~~~~
In file included from /Users/Ashu/Code/songbird-chirp/app/SongbirdEditor.cpp:1:
In file included from /Users/Ashu/Code/songbird-chirp/app/SongbirdEditor.h:8:
In file included from /Users/Ashu/Code/songbird-chirp/libraries/magenta/LyriaPlugin.h:4:
In file included from /Users/Ashu/Code/songbird-chirp/libraries/magenta/Gemini.h:3:
In file included from /Users/Ashu/Code/songbird-chirp/libraries/magenta/GeminiTypes.h:3:
In file included from /Users/Ashu/Code/songbird-chirp/libraries/magenta/MagentaAliases.h:23:
In file included from /Users/Ashu/Code/songbird-chirp/libraries/websocketpp/websocketpp/config/asio_client.hpp:31:
In file included from /Users/Ashu/Code/songbird-chirp/libraries/websocketpp/websocketpp/config/core_client.hpp:47:
In file included from /Users/Ashu/Code/songbird-chirp/libraries/websocketpp/websocketpp/http/request.hpp:122:
/Users/Ashu/Code/songbird-chirp/libraries/websocketpp/websocketpp/http/impl/request.hpp:70:31: warning: implicit conversion changes signedness: 'decltype(__x.base() - __y.base())' (aka 'long') to 'unsigned long' [-Wsign-conversion]
   70 |         m_header_bytes += (end-begin+sizeof(header_delimiter));
      |                            ~~~^~~~~~~
In file included from /Users/Ashu/Code/songbird-chirp/app/SongbirdEditor.cpp:1:
In file included from /Users/Ashu/Code/songbird-chirp/app/SongbirdEditor.h:8:
In file included from /Users/Ashu/Code/songbird-chirp/libraries/magenta/LyriaPlugin.h:4:
In file included from /Users/Ashu/Code/songbird-chirp/libraries/magenta/Gemini.h:3:
In file included from /Users/Ashu/Code/songbird-chirp/libraries/magenta/GeminiTypes.h:3:
In file included from /Users/Ashu/Code/songbird-chirp/libraries/magenta/MagentaAliases.h:23:
In file included from /Users/Ashu/Code/songbird-chirp/libraries/websocketpp/websocketpp/config/asio_client.hpp:31:
In file included from /Users/Ashu/Code/songbird-chirp/libraries/websocketpp/websocketpp/config/core_client.hpp:48:
In file included from /Users/Ashu/Code/songbird-chirp/libraries/websocketpp/websocketpp/http/response.hpp:186:
/Users/Ashu/Code/songbird-chirp/libraries/websocketpp/websocketpp/http/impl/response.hpp:66:31: warning: implicit conversion changes signedness: 'decltype(__x.base() - __y.base())' (aka 'long') to 'unsigned long' [-Wsign-conversion]
   66 |         m_header_bytes += (end-begin+sizeof(header_delimiter));
      |                            ~~~^~~~~~~
In file included from /Users/Ashu/Code/songbird-chirp/app/SongbirdEditor.cpp:1:
In file included from /Users/Ashu/Code/songbird-chirp/app/SongbirdEditor.h:8:
In file included from /Users/Ashu/Code/songbird-chirp/libraries/magenta/LyriaPlugin.h:4:
In file included from /Users/Ashu/Code/songbird-chirp/libraries/magenta/Gemini.h:3:
In file included from /Users/Ashu/Code/songbird-chirp/libraries/magenta/GeminiTypes.h:3:
In file included from /Users/Ashu/Code/songbird-chirp/libraries/magenta/MagentaAliases.h:23:
In file included from /Users/Ashu/Code/songbird-chirp/libraries/websocketpp/websocketpp/config/asio_client.hpp:32:
In file included from /Users/Ashu/Code/songbird-chirp/libraries/websocketpp/websocketpp/transport/asio/endpoint.hpp:32:
In file included from /Users/Ashu/Code/songbird-chirp/libraries/websocketpp/websocketpp/transport/asio/connection.hpp:31:
In file included from /Users/Ashu/Code/songbird-chirp/libraries/websocketpp/websocketpp/transport/asio/base.hpp:31:
In file included from /Users/Ashu/Code/songbird-chirp/libraries/websocketpp/websocketpp/common/asio.hpp:52:
In file included from /Users/Ashu/Code/songbird-chirp/libraries/asio/asio/include/asio.hpp:18:
In file included from /Users/Ashu/Code/songbird-chirp/libraries/asio/asio/include/asio/append.hpp:72:
In file included from /Users/Ashu/Code/songbird-chirp/libraries/asio/asio/include/asio/impl/append.hpp:22:
In file included from /Users/Ashu/Code/songbird-chirp/libraries/asio/asio/include/asio/detail/handler_alloc_helpers.hpp:21:
In file included from /Users/Ashu/Code/songbird-chirp/libraries/asio/asio/include/asio/detail/recycling_allocator.hpp:20:
In file included from /Users/Ashu/Code/songbird-chirp/libraries/asio/asio/include/asio/detail/thread_context.hpp:20:
In file included from /Users/Ashu/Code/songbird-chirp/libraries/asio/asio/include/asio/detail/call_stack.hpp:20:
In file included from /Users/Ashu/Code/songbird-chirp/libraries/asio/asio/include/asio/detail/tss_ptr.hpp:27:
In file included from /Users/Ashu/Code/songbird-chirp/libraries/asio/asio/include/asio/detail/posix_tss_ptr.hpp:74:
In file included from /Users/Ashu/Code/songbird-chirp/libraries/asio/asio/include/asio/detail/impl/posix_tss_ptr.ipp:23:
In file included from /Users/Ashu/Code/songbird-chirp/libraries/asio/asio/include/asio/detail/throw_error.hpp:20:
In file included from /Users/Ashu/Code/songbird-chirp/libraries/asio/asio/include/asio/error_code.hpp:199:
In file included from /Users/Ashu/Code/songbird-chirp/libraries/asio/asio/include/asio/impl/error_code.ipp:29:
/Users/Ashu/Code/songbird-chirp/libraries/asio/asio/include/asio/detail/socket_types.hpp:408:40: warning: implicit conversion changes signedness: 'unsigned int' to 'const int' [-Wsign-conversion]
  408 | const int custom_socket_option_level = 0xA5100000;
      |           ~~~~~~~~~~~~~~~~~~~~~~~~~~   ^~~~~~~~~~
In file included from /Users/Ashu/Code/songbird-chirp/app/SongbirdEditor.cpp:1:
In file included from /Users/Ashu/Code/songbird-chirp/app/SongbirdEditor.h:8:
In file included from /Users/Ashu/Code/songbird-chirp/libraries/magenta/LyriaPlugin.h:4:
In file included from /Users/Ashu/Code/songbird-chirp/libraries/magenta/Gemini.h:3:
In file included from /Users/Ashu/Code/songbird-chirp/libraries/magenta/GeminiTypes.h:3:
In file included from /Users/Ashu/Code/songbird-chirp/libraries/magenta/MagentaAliases.h:23:
In file included from /Users/Ashu/Code/songbird-chirp/libraries/websocketpp/websocketpp/config/asio_client.hpp:32:
In file included from /Users/Ashu/Code/songbird-chirp/libraries/websocketpp/websocketpp/transport/asio/endpoint.hpp:32:
In file included from /Users/Ashu/Code/songbird-chirp/libraries/websocketpp/websocketpp/transport/asio/connection.hpp:31:
In file included from /Users/Ashu/Code/songbird-chirp/libraries/websocketpp/websocketpp/transport/asio/base.hpp:31:
In file included from /Users/Ashu/Code/songbird-chirp/libraries/websocketpp/websocketpp/common/asio.hpp:52:
In file included from /Users/Ashu/Code/songbird-chirp/libraries/asio/asio/include/asio.hpp:21:
In file included from /Users/Ashu/Code/songbird-chirp/libraries/asio/asio/include/asio/associated_executor.hpp:24:
In file included from /Users/Ashu/Code/songbird-chirp/libraries/asio/asio/include/asio/system_executor.hpp:20:
In file included from /Users/Ashu/Code/songbird-chirp/libraries/asio/asio/include/asio/execution.hpp:18:
/Users/Ashu/Code/songbird-chirp/libraries/asio/asio/include/asio/execution/allocator.hpp:167:38: warning: out-of-line definition of constexpr static data member is redundant in C++17 and is deprecated [-Wdeprecated-redundant-constexpr-static-def]
  167 | const T allocator_t<ProtoAllocator>::static_query_v;
      |                                      ^
/Users/Ashu/Code/songbird-chirp/libraries/asio/asio/include/asio/execution/allocator.hpp:257:28: warning: out-of-line definition of constexpr static data member is redundant in C++17 and is deprecated [-Wdeprecated-redundant-constexpr-static-def]
  257 | const T allocator_t<void>::static_query_v;
      |                            ^
In file included from /Users/Ashu/Code/songbird-chirp/app/SongbirdEditor.cpp:1:
In file included from /Users/Ashu/Code/songbird-chirp/app/SongbirdEditor.h:8:
In file included from /Users/Ashu/Code/songbird-chirp/libraries/magenta/LyriaPlugin.h:4:
In file included from /Users/Ashu/Code/songbird-chirp/libraries/magenta/Gemini.h:3:
In file included from /Users/Ashu/Code/songbird-chirp/libraries/magenta/GeminiTypes.h:3:
In file included from /Users/Ashu/Code/songbird-chirp/libraries/magenta/MagentaAliases.h:23:
In file included from /Users/Ashu/Code/songbird-chirp/libraries/websocketpp/websocketpp/config/asio_client.hpp:32:
In file included from /Users/Ashu/Code/songbird-chirp/libraries/websocketpp/websocketpp/transport/asio/endpoint.hpp:32:
In file included from /Users/Ashu/Code/songbird-chirp/libraries/websocketpp/websocketpp/transport/asio/connection.hpp:31:
In file included from /Users/Ashu/Code/songbird-chirp/libraries/websocketpp/websocketpp/transport/asio/base.hpp:31:
In file included from /Users/Ashu/Code/songbird-chirp/libraries/websocketpp/websocketpp/common/asio.hpp:52:
In file included from /Users/Ashu/Code/songbird-chirp/libraries/asio/asio/include/asio.hpp:21:
In file included from /Users/Ashu/Code/songbird-chirp/libraries/asio/asio/include/asio/associated_executor.hpp:24:
In file included from /Users/Ashu/Code/songbird-chirp/libraries/asio/asio/include/asio/system_executor.hpp:20:
In file included from /Users/Ashu/Code/songbird-chirp/libraries/asio/asio/include/asio/execution.hpp:19:
In file included from /Users/Ashu/Code/songbird-chirp/libraries/asio/asio/include/asio/execution/any_executor.hpp:31:
/Users/Ashu/Code/songbird-chirp/libraries/asio/asio/include/asio/execution/blocking.hpp:489:24: warning: out-of-line definition of constexpr static data member is redundant in C++17 and is deprecated [-Wdeprecated-redundant-constexpr-static-def]
  489 | const T blocking_t<I>::static_query_v;
      |                        ^
/Users/Ashu/Code/songbird-chirp/libraries/asio/asio/include/asio/execution/blocking.hpp:631:24: warning: out-of-line definition of constexpr static data member is redundant in C++17 and is deprecated [-Wdeprecated-redundant-constexpr-static-def]
  631 | const T possibly_t<I>::static_query_v;
      |                        ^
/Users/Ashu/Code/songbird-chirp/libraries/asio/asio/include/asio/execution/blocking.hpp:883:22: warning: out-of-line definition of constexpr static data member is redundant in C++17 and is deprecated [-Wdeprecated-redundant-constexpr-static-def]
  883 | const T always_t<I>::static_query_v;
      |                      ^
/Users/Ashu/Code/songbird-chirp/libraries/asio/asio/include/asio/execution/blocking.hpp:988:21: warning: out-of-line definition of constexpr static data member is redundant in C++17 and is deprecated [-Wdeprecated-redundant-constexpr-static-def]
  988 | const T never_t<I>::static_query_v;
      |                     ^
In file included from /Users/Ashu/Code/songbird-chirp/app/SongbirdEditor.cpp:1:
In file included from /Users/Ashu/Code/songbird-chirp/app/SongbirdEditor.h:8:
In file included from /Users/Ashu/Code/songbird-chirp/libraries/magenta/LyriaPlugin.h:4:
In file included from /Users/Ashu/Code/songbird-chirp/libraries/magenta/Gemini.h:3:
In file included from /Users/Ashu/Code/songbird-chirp/libraries/magenta/GeminiTypes.h:3:
In file included from /Users/Ashu/Code/songbird-chirp/libraries/magenta/MagentaAliases.h:23:
In file included from /Users/Ashu/Code/songbird-chirp/libraries/websocketpp/websocketpp/config/asio_client.hpp:32:
In file included from /Users/Ashu/Code/songbird-chirp/libraries/websocketpp/websocketpp/transport/asio/endpoint.hpp:32:
In file included from /Users/Ashu/Code/songbird-chirp/libraries/websocketpp/websocketpp/transport/asio/connection.hpp:31:
In file included from /Users/Ashu/Code/songbird-chirp/libraries/websocketpp/websocketpp/transport/asio/base.hpp:31:
In file included from /Users/Ashu/Code/songbird-chirp/libraries/websocketpp/websocketpp/common/asio.hpp:52:
In file included from /Users/Ashu/Code/songbird-chirp/libraries/asio/asio/include/asio.hpp:21:
In file included from /Users/Ashu/Code/songbird-chirp/libraries/asio/asio/include/asio/associated_executor.hpp:24:
In file included from /Users/Ashu/Code/songbird-chirp/libraries/asio/asio/include/asio/system_executor.hpp:20:
In file included from /Users/Ashu/Code/songbird-chirp/libraries/asio/asio/include/asio/execution.hpp:22:
/Users/Ashu/Code/songbird-chirp/libraries/asio/asio/include/asio/execution/blocking_adaptation.hpp:396:35: warning: out-of-line definition of constexpr static data member is redundant in C++17 and is deprecated [-Wdeprecated-redundant-constexpr-static-def]
  396 | const T blocking_adaptation_t<I>::static_query_v;
      |                                   ^
/Users/Ashu/Code/songbird-chirp/libraries/asio/asio/include/asio/execution/blocking_adaptation.hpp:512:26: warning: out-of-line definition of constexpr static data member is redundant in C++17 and is deprecated [-Wdeprecated-redundant-constexpr-static-def]
  512 | const T disallowed_t<I>::static_query_v;
      |                          ^
/Users/Ashu/Code/songbird-chirp/libraries/asio/asio/include/asio/execution/blocking_adaptation.hpp:716:23: warning: out-of-line definition of constexpr static data member is redundant in C++17 and is deprecated [-Wdeprecated-redundant-constexpr-static-def]
  716 | const T allowed_t<I>::static_query_v;
      |                       ^
In file included from /Users/Ashu/Code/songbird-chirp/app/SongbirdEditor.cpp:1:
In file included from /Users/Ashu/Code/songbird-chirp/app/SongbirdEditor.h:8:
In file included from /Users/Ashu/Code/songbird-chirp/libraries/magenta/LyriaPlugin.h:4:
In file included from /Users/Ashu/Code/songbird-chirp/libraries/magenta/Gemini.h:3:
In file included from /Users/Ashu/Code/songbird-chirp/libraries/magenta/GeminiTypes.h:3:
In file included from /Users/Ashu/Code/songbird-chirp/libraries/magenta/MagentaAliases.h:23:
In file included from /Users/Ashu/Code/songbird-chirp/libraries/websocketpp/websocketpp/config/asio_client.hpp:32:
In file included from /Users/Ashu/Code/songbird-chirp/libraries/websocketpp/websocketpp/transport/asio/endpoint.hpp:32:
In file included from /Users/Ashu/Code/songbird-chirp/libraries/websocketpp/websocketpp/transport/asio/connection.hpp:31:
In file included from /Users/Ashu/Code/songbird-chirp/libraries/websocketpp/websocketpp/transport/asio/base.hpp:31:
In file included from /Users/Ashu/Code/songbird-chirp/libraries/websocketpp/websocketpp/common/asio.hpp:52:
In file included from /Users/Ashu/Code/songbird-chirp/libraries/asio/asio/include/asio.hpp:21:
In file included from /Users/Ashu/Code/songbird-chirp/libraries/asio/asio/include/asio/associated_executor.hpp:24:
In file included from /Users/Ashu/Code/songbird-chirp/libraries/asio/asio/include/asio/system_executor.hpp:20:
In file included from /Users/Ashu/Code/songbird-chirp/libraries/asio/asio/include/asio/execution.hpp:23:
In file included from /Users/Ashu/Code/songbird-chirp/libraries/asio/asio/include/asio/execution/bulk_execute.hpp:20:
/Users/Ashu/Code/songbird-chirp/libraries/asio/asio/include/asio/execution/bulk_guarantee.hpp:480:30: warning: out-of-line definition of constexpr static data member is redundant in C++17 and is deprecated [-Wdeprecated-redundant-constexpr-static-def]
  480 | const T bulk_guarantee_t<I>::static_query_v;
      |                              ^
/Users/Ashu/Code/songbird-chirp/libraries/asio/asio/include/asio/execution/bulk_guarantee.hpp:627:27: warning: out-of-line definition of constexpr static data member is redundant in C++17 and is deprecated [-Wdeprecated-redundant-constexpr-static-def]
  627 | const T unsequenced_t<I>::static_query_v;
      |                           ^
/Users/Ashu/Code/songbird-chirp/libraries/asio/asio/include/asio/execution/bulk_guarantee.hpp:734:25: warning: out-of-line definition of constexpr static data member is redundant in C++17 and is deprecated [-Wdeprecated-redundant-constexpr-static-def]
  734 | const T sequenced_t<I>::static_query_v;
      |                         ^
/Users/Ashu/Code/songbird-chirp/libraries/asio/asio/include/asio/execution/bulk_guarantee.hpp:841:24: warning: out-of-line definition of constexpr static data member is redundant in C++17 and is deprecated [-Wdeprecated-redundant-constexpr-static-def]
  841 | const T parallel_t<I>::static_query_v;
      |                        ^
In file included from /Users/Ashu/Code/songbird-chirp/app/SongbirdEditor.cpp:1:
In file included from /Users/Ashu/Code/songbird-chirp/app/SongbirdEditor.h:8:
In file included from /Users/Ashu/Code/songbird-chirp/libraries/magenta/LyriaPlugin.h:4:
In file included from /Users/Ashu/Code/songbird-chirp/libraries/magenta/Gemini.h:3:
In file included from /Users/Ashu/Code/songbird-chirp/libraries/magenta/GeminiTypes.h:3:
In file included from /Users/Ashu/Code/songbird-chirp/libraries/magenta/MagentaAliases.h:23:
In file included from /Users/Ashu/Code/songbird-chirp/libraries/websocketpp/websocketpp/config/asio_client.hpp:32:
In file included from /Users/Ashu/Code/songbird-chirp/libraries/websocketpp/websocketpp/transport/asio/endpoint.hpp:32:
In file included from /Users/Ashu/Code/songbird-chirp/libraries/websocketpp/websocketpp/transport/asio/connection.hpp:31:
In file included from /Users/Ashu/Code/songbird-chirp/libraries/websocketpp/websocketpp/transport/asio/base.hpp:31:
In file included from /Users/Ashu/Code/songbird-chirp/libraries/websocketpp/websocketpp/common/asio.hpp:52:
In file included from /Users/Ashu/Code/songbird-chirp/libraries/asio/asio/include/asio.hpp:21:
In file included from /Users/Ashu/Code/songbird-chirp/libraries/asio/asio/include/asio/associated_executor.hpp:24:
In file included from /Users/Ashu/Code/songbird-chirp/libraries/asio/asio/include/asio/system_executor.hpp:20:
In file included from /Users/Ashu/Code/songbird-chirp/libraries/asio/asio/include/asio/execution.hpp:26:
/Users/Ashu/Code/songbird-chirp/libraries/asio/asio/include/asio/execution/context.hpp:155:23: warning: out-of-line definition of constexpr static data member is redundant in C++17 and is deprecated [-Wdeprecated-redundant-constexpr-static-def]
  155 | const T context_t<I>::static_query_v;
      |                       ^
In file included from /Users/Ashu/Code/songbird-chirp/app/SongbirdEditor.cpp:1:
In file included from /Users/Ashu/Code/songbird-chirp/app/SongbirdEditor.h:8:
In file included from /Users/Ashu/Code/songbird-chirp/libraries/magenta/LyriaPlugin.h:4:
In file included from /Users/Ashu/Code/songbird-chirp/libraries/magenta/Gemini.h:3:
In file included from /Users/Ashu/Code/songbird-chirp/libraries/magenta/GeminiTypes.h:3:
In file included from /Users/Ashu/Code/songbird-chirp/libraries/magenta/MagentaAliases.h:23:
In file included from /Users/Ashu/Code/songbird-chirp/libraries/websocketpp/websocketpp/config/asio_client.hpp:32:
In file included from /Users/Ashu/Code/songbird-chirp/libraries/websocketpp/websocketpp/transport/asio/endpoint.hpp:32:
In file included from /Users/Ashu/Code/songbird-chirp/libraries/websocketpp/websocketpp/transport/asio/connection.hpp:31:
In file included from /Users/Ashu/Code/songbird-chirp/libraries/websocketpp/websocketpp/transport/asio/base.hpp:31:
In file included from /Users/Ashu/Code/songbird-chirp/libraries/websocketpp/websocketpp/common/asio.hpp:52:
In file included from /Users/Ashu/Code/songbird-chirp/libraries/asio/asio/include/asio.hpp:21:
In file included from /Users/Ashu/Code/songbird-chirp/libraries/asio/asio/include/asio/associated_executor.hpp:24:
In file included from /Users/Ashu/Code/songbird-chirp/libraries/asio/asio/include/asio/system_executor.hpp:20:
In file included from /Users/Ashu/Code/songbird-chirp/libraries/asio/asio/include/asio/execution.hpp:27:
/Users/Ashu/Code/songbird-chirp/libraries/asio/asio/include/asio/execution/context_as.hpp:144:26: warning: out-of-line definition of constexpr static data member is redundant in C++17 and is deprecated [-Wdeprecated-redundant-constexpr-static-def]
  144 | const U context_as_t<T>::static_query_v;
      |                          ^
In file included from /Users/Ashu/Code/songbird-chirp/app/SongbirdEditor.cpp:1:
In file included from /Users/Ashu/Code/songbird-chirp/app/SongbirdEditor.h:8:
In file included from /Users/Ashu/Code/songbird-chirp/libraries/magenta/LyriaPlugin.h:4:
In file included from /Users/Ashu/Code/songbird-chirp/libraries/magenta/Gemini.h:3:
In file included from /Users/Ashu/Code/songbird-chirp/libraries/magenta/GeminiTypes.h:3:
In file included from /Users/Ashu/Code/songbird-chirp/libraries/magenta/MagentaAliases.h:23:
In file included from /Users/Ashu/Code/songbird-chirp/libraries/websocketpp/websocketpp/config/asio_client.hpp:32:
In file included from /Users/Ashu/Code/songbird-chirp/libraries/websocketpp/websocketpp/transport/asio/endpoint.hpp:32:
In file included from /Users/Ashu/Code/songbird-chirp/libraries/websocketpp/websocketpp/transport/asio/connection.hpp:31:
In file included from /Users/Ashu/Code/songbird-chirp/libraries/websocketpp/websocketpp/transport/asio/base.hpp:31:
In file included from /Users/Ashu/Code/songbird-chirp/libraries/websocketpp/websocketpp/common/asio.hpp:52:
In file included from /Users/Ashu/Code/songbird-chirp/libraries/asio/asio/include/asio.hpp:21:
In file included from /Users/Ashu/Code/songbird-chirp/libraries/asio/asio/include/asio/associated_executor.hpp:24:
In file included from /Users/Ashu/Code/songbird-chirp/libraries/asio/asio/include/asio/system_executor.hpp:20:
In file included from /Users/Ashu/Code/songbird-chirp/libraries/asio/asio/include/asio/execution.hpp:31:
/Users/Ashu/Code/songbird-chirp/libraries/asio/asio/include/asio/execution/mapping.hpp:473:23: warning: out-of-line definition of constexpr static data member is redundant in C++17 and is deprecated [-Wdeprecated-redundant-constexpr-static-def]
  473 | const T mapping_t<I>::static_query_v;
      |                       ^
/Users/Ashu/Code/songbird-chirp/libraries/asio/asio/include/asio/execution/mapping.hpp:591:22: warning: out-of-line definition of constexpr static data member is redundant in C++17 and is deprecated [-Wdeprecated-redundant-constexpr-static-def]
  591 | const T thread_t<I>::static_query_v;
      |                      ^
/Users/Ashu/Code/songbird-chirp/libraries/asio/asio/include/asio/execution/mapping.hpp:672:26: warning: out-of-line definition of constexpr static data member is redundant in C++17 and is deprecated [-Wdeprecated-redundant-constexpr-static-def]
  672 | const T new_thread_t<I>::static_query_v;
      |                          ^
/Users/Ashu/Code/songbird-chirp/libraries/asio/asio/include/asio/execution/mapping.hpp:753:21: warning: out-of-line definition of constexpr static data member is redundant in C++17 and is deprecated [-Wdeprecated-redundant-constexpr-static-def]
  753 | const T other_t<I>::static_query_v;
      |                     ^
In file included from /Users/Ashu/Code/songbird-chirp/app/SongbirdEditor.cpp:1:
In file included from /Users/Ashu/Code/songbird-chirp/app/SongbirdEditor.h:8:
In file included from /Users/Ashu/Code/songbird-chirp/libraries/magenta/LyriaPlugin.h:4:
In file included from /Users/Ashu/Code/songbird-chirp/libraries/magenta/Gemini.h:3:
In file included from /Users/Ashu/Code/songbird-chirp/libraries/magenta/GeminiTypes.h:3:
In file included from /Users/Ashu/Code/songbird-chirp/libraries/magenta/MagentaAliases.h:23:
In file included from /Users/Ashu/Code/songbird-chirp/libraries/websocketpp/websocketpp/config/asio_client.hpp:32:
In file included from /Users/Ashu/Code/songbird-chirp/libraries/websocketpp/websocketpp/transport/asio/endpoint.hpp:32:
In file included from /Users/Ashu/Code/songbird-chirp/libraries/websocketpp/websocketpp/transport/asio/connection.hpp:31:
In file included from /Users/Ashu/Code/songbird-chirp/libraries/websocketpp/websocketpp/transport/asio/base.hpp:31:
In file included from /Users/Ashu/Code/songbird-chirp/libraries/websocketpp/websocketpp/common/asio.hpp:52:
In file included from /Users/Ashu/Code/songbird-chirp/libraries/asio/asio/include/asio.hpp:21:
In file included from /Users/Ashu/Code/songbird-chirp/libraries/asio/asio/include/asio/associated_executor.hpp:24:
In file included from /Users/Ashu/Code/songbird-chirp/libraries/asio/asio/include/asio/system_executor.hpp:20:
In file included from /Users/Ashu/Code/songbird-chirp/libraries/asio/asio/include/asio/execution.hpp:32:
/Users/Ashu/Code/songbird-chirp/libraries/asio/asio/include/asio/execution/occupancy.hpp:148:25: warning: out-of-line definition of constexpr static data member is redundant in C++17 and is deprecated [-Wdeprecated-redundant-constexpr-static-def]
  148 | const T occupancy_t<I>::static_query_v;
      |                         ^
In file included from /Users/Ashu/Code/songbird-chirp/app/SongbirdEditor.cpp:1:
In file included from /Users/Ashu/Code/songbird-chirp/app/SongbirdEditor.h:8:
In file included from /Users/Ashu/Code/songbird-chirp/libraries/magenta/LyriaPlugin.h:4:
In file included from /Users/Ashu/Code/songbird-chirp/libraries/magenta/Gemini.h:3:
In file included from /Users/Ashu/Code/songbird-chirp/libraries/magenta/GeminiTypes.h:3:
In file included from /Users/Ashu/Code/songbird-chirp/libraries/magenta/MagentaAliases.h:23:
In file included from /Users/Ashu/Code/songbird-chirp/libraries/websocketpp/websocketpp/config/asio_client.hpp:32:
In file included from /Users/Ashu/Code/songbird-chirp/libraries/websocketpp/websocketpp/transport/asio/endpoint.hpp:32:
In file included from /Users/Ashu/Code/songbird-chirp/libraries/websocketpp/websocketpp/transport/asio/connection.hpp:31:
In file included from /Users/Ashu/Code/songbird-chirp/libraries/websocketpp/websocketpp/transport/asio/base.hpp:31:
In file included from /Users/Ashu/Code/songbird-chirp/libraries/websocketpp/websocketpp/common/asio.hpp:52:
In file included from /Users/Ashu/Code/songbird-chirp/libraries/asio/asio/include/asio.hpp:21:
In file included from /Users/Ashu/Code/songbird-chirp/libraries/asio/asio/include/asio/associated_executor.hpp:24:
In file included from /Users/Ashu/Code/songbird-chirp/libraries/asio/asio/include/asio/system_executor.hpp:20:
In file included from /Users/Ashu/Code/songbird-chirp/libraries/asio/asio/include/asio/execution.hpp:34:
/Users/Ashu/Code/songbird-chirp/libraries/asio/asio/include/asio/execution/outstanding_work.hpp:389:32: warning: out-of-line definition of constexpr static data member is redundant in C++17 and is deprecated [-Wdeprecated-redundant-constexpr-static-def]
  389 | const T outstanding_work_t<I>::static_query_v;
      |                                ^
/Users/Ashu/Code/songbird-chirp/libraries/asio/asio/include/asio/execution/outstanding_work.hpp:504:25: warning: out-of-line definition of constexpr static data member is redundant in C++17 and is deprecated [-Wdeprecated-redundant-constexpr-static-def]
  504 | const T untracked_t<I>::static_query_v;
      |                         ^
/Users/Ashu/Code/songbird-chirp/libraries/asio/asio/include/asio/execution/outstanding_work.hpp:586:23: warning: out-of-line definition of constexpr static data member is redundant in C++17 and is deprecated [-Wdeprecated-redundant-constexpr-static-def]
  586 | const T tracked_t<I>::static_query_v;
      |                       ^
In file included from /Users/Ashu/Code/songbird-chirp/app/SongbirdEditor.cpp:1:
In file included from /Users/Ashu/Code/songbird-chirp/app/SongbirdEditor.h:8:
In file included from /Users/Ashu/Code/songbird-chirp/libraries/magenta/LyriaPlugin.h:4:
In file included from /Users/Ashu/Code/songbird-chirp/libraries/magenta/Gemini.h:3:
In file included from /Users/Ashu/Code/songbird-chirp/libraries/magenta/GeminiTypes.h:3:
In file included from /Users/Ashu/Code/songbird-chirp/libraries/magenta/MagentaAliases.h:23:
In file included from /Users/Ashu/Code/songbird-chirp/libraries/websocketpp/websocketpp/config/asio_client.hpp:32:
In file included from /Users/Ashu/Code/songbird-chirp/libraries/websocketpp/websocketpp/transport/asio/endpoint.hpp:32:
In file included from /Users/Ashu/Code/songbird-chirp/libraries/websocketpp/websocketpp/transport/asio/connection.hpp:31:
In file included from /Users/Ashu/Code/songbird-chirp/libraries/websocketpp/websocketpp/transport/asio/base.hpp:31:
In file included from /Users/Ashu/Code/songbird-chirp/libraries/websocketpp/websocketpp/common/asio.hpp:52:
In file included from /Users/Ashu/Code/songbird-chirp/libraries/asio/asio/include/asio.hpp:21:
In file included from /Users/Ashu/Code/songbird-chirp/libraries/asio/asio/include/asio/associated_executor.hpp:24:
In file included from /Users/Ashu/Code/songbird-chirp/libraries/asio/asio/include/asio/system_executor.hpp:20:
In file included from /Users/Ashu/Code/songbird-chirp/libraries/asio/asio/include/asio/execution.hpp:35:
/Users/Ashu/Code/songbird-chirp/libraries/asio/asio/include/asio/execution/prefer_only.hpp:261:37: warning: out-of-line definition of constexpr static data member is redundant in C++17 and is deprecated [-Wdeprecated-redundant-constexpr-static-def]
  261 | const T prefer_only<InnerProperty>::static_query_v;
      |                                     ^
In file included from /Users/Ashu/Code/songbird-chirp/app/SongbirdEditor.cpp:1:
In file included from /Users/Ashu/Code/songbird-chirp/app/SongbirdEditor.h:8:
In file included from /Users/Ashu/Code/songbird-chirp/libraries/magenta/LyriaPlugin.h:4:
In file included from /Users/Ashu/Code/songbird-chirp/libraries/magenta/Gemini.h:3:
In file included from /Users/Ashu/Code/songbird-chirp/libraries/magenta/GeminiTypes.h:3:
In file included from /Users/Ashu/Code/songbird-chirp/libraries/magenta/MagentaAliases.h:23:
In file included from /Users/Ashu/Code/songbird-chirp/libraries/websocketpp/websocketpp/config/asio_client.hpp:32:
In file included from /Users/Ashu/Code/songbird-chirp/libraries/websocketpp/websocketpp/transport/asio/endpoint.hpp:32:
In file included from /Users/Ashu/Code/songbird-chirp/libraries/websocketpp/websocketpp/transport/asio/connection.hpp:31:
In file included from /Users/Ashu/Code/songbird-chirp/libraries/websocketpp/websocketpp/transport/asio/base.hpp:31:
In file included from /Users/Ashu/Code/songbird-chirp/libraries/websocketpp/websocketpp/common/asio.hpp:52:
In file included from /Users/Ashu/Code/songbird-chirp/libraries/asio/asio/include/asio.hpp:21:
In file included from /Users/Ashu/Code/songbird-chirp/libraries/asio/asio/include/asio/associated_executor.hpp:24:
In file included from /Users/Ashu/Code/songbird-chirp/libraries/asio/asio/include/asio/system_executor.hpp:20:
In file included from /Users/Ashu/Code/songbird-chirp/libraries/asio/asio/include/asio/execution.hpp:38:
/Users/Ashu/Code/songbird-chirp/libraries/asio/asio/include/asio/execution/relationship.hpp:387:28: warning: out-of-line definition of constexpr static data member is redundant in C++17 and is deprecated [-Wdeprecated-redundant-constexpr-static-def]
  387 | const T relationship_t<I>::static_query_v;
      |                            ^
/Users/Ashu/Code/songbird-chirp/libraries/asio/asio/include/asio/execution/relationship.hpp:501:20: warning: out-of-line definition of constexpr static data member is redundant in C++17 and is deprecated [-Wdeprecated-redundant-constexpr-static-def]
  501 | const T fork_t<I>::static_query_v;
      |                    ^
/Users/Ashu/Code/songbird-chirp/libraries/asio/asio/include/asio/execution/relationship.hpp:584:28: warning: out-of-line definition of constexpr static data member is redundant in C++17 and is deprecated [-Wdeprecated-redundant-constexpr-static-def]
  584 | const T continuation_t<I>::static_query_v;
      |                            ^
In file included from /Users/Ashu/Code/songbird-chirp/app/SongbirdEditor.cpp:1:
In file included from /Users/Ashu/Code/songbird-chirp/app/SongbirdEditor.h:8:
In file included from /Users/Ashu/Code/songbird-chirp/libraries/magenta/LyriaPlugin.h:4:
In file included from /Users/Ashu/Code/songbird-chirp/libraries/magenta/Gemini.h:3:
In file included from /Users/Ashu/Code/songbird-chirp/libraries/magenta/GeminiTypes.h:3:
In file included from /Users/Ashu/Code/songbird-chirp/libraries/magenta/MagentaAliases.h:23:
In file included from /Users/Ashu/Code/songbird-chirp/libraries/websocketpp/websocketpp/config/asio_client.hpp:32:
In file included from /Users/Ashu/Code/songbird-chirp/libraries/websocketpp/websocketpp/transport/asio/endpoint.hpp:32:
In file included from /Users/Ashu/Code/songbird-chirp/libraries/websocketpp/websocketpp/transport/asio/connection.hpp:31:
In file included from /Users/Ashu/Code/songbird-chirp/libraries/websocketpp/websocketpp/transport/asio/base.hpp:31:
In file included from /Users/Ashu/Code/songbird-chirp/libraries/websocketpp/websocketpp/common/asio.hpp:52:
In file included from /Users/Ashu/Code/songbird-chirp/libraries/asio/asio/include/asio.hpp:21:
In file included from /Users/Ashu/Code/songbird-chirp/libraries/asio/asio/include/asio/associated_executor.hpp:24:
In file included from /Users/Ashu/Code/songbird-chirp/libraries/asio/asio/include/asio/system_executor.hpp:682:
In file included from /Users/Ashu/Code/songbird-chirp/libraries/asio/asio/include/asio/impl/system_executor.hpp:21:
In file included from /Users/Ashu/Code/songbird-chirp/libraries/asio/asio/include/asio/system_context.hpp:19:
In file included from /Users/Ashu/Code/songbird-chirp/libraries/asio/asio/include/asio/detail/scheduler.hpp:28:
In file included from /Users/Ashu/Code/songbird-chirp/libraries/asio/asio/include/asio/detail/thread.hpp:23:
In file included from /Users/Ashu/Code/songbird-chirp/libraries/asio/asio/include/asio/detail/posix_thread.hpp:104:
/Users/Ashu/Code/songbird-chirp/libraries/asio/asio/include/asio/detail/impl/posix_thread.ipp:51:12: warning: implicit conversion changes signedness: 'long' to 'std::size_t' (aka 'unsigned long') [-Wsign-conversion]
   51 |     return result;
      |     ~~~~~~ ^~~~~~
In file included from /Users/Ashu/Code/songbird-chirp/app/SongbirdEditor.cpp:1:
In file included from /Users/Ashu/Code/songbird-chirp/app/SongbirdEditor.h:8:
In file included from /Users/Ashu/Code/songbird-chirp/libraries/magenta/LyriaPlugin.h:4:
In file included from /Users/Ashu/Code/songbird-chirp/libraries/magenta/Gemini.h:3:
In file included from /Users/Ashu/Code/songbird-chirp/libraries/magenta/GeminiTypes.h:3:
In file included from /Users/Ashu/Code/songbird-chirp/libraries/magenta/MagentaAliases.h:23:
In file included from /Users/Ashu/Code/songbird-chirp/libraries/websocketpp/websocketpp/config/asio_client.hpp:32:
In file included from /Users/Ashu/Code/songbird-chirp/libraries/websocketpp/websocketpp/transport/asio/endpoint.hpp:32:
In file included from /Users/Ashu/Code/songbird-chirp/libraries/websocketpp/websocketpp/transport/asio/connection.hpp:31:
In file included from /Users/Ashu/Code/songbird-chirp/libraries/websocketpp/websocketpp/transport/asio/base.hpp:31:
In file included from /Users/Ashu/Code/songbird-chirp/libraries/websocketpp/websocketpp/common/asio.hpp:52:
In file included from /Users/Ashu/Code/songbird-chirp/libraries/asio/asio/include/asio.hpp:26:
In file included from /Users/Ashu/Code/songbird-chirp/libraries/asio/asio/include/asio/basic_datagram_socket.hpp:20:
In file included from /Users/Ashu/Code/songbird-chirp/libraries/asio/asio/include/asio/basic_socket.hpp:38:
In file included from /Users/Ashu/Code/songbird-chirp/libraries/asio/asio/include/asio/detail/reactive_socket_service.hpp:31:
In file included from /Users/Ashu/Code/songbird-chirp/libraries/asio/asio/include/asio/detail/reactive_socket_accept_op.hpp:26:
In file included from /Users/Ashu/Code/songbird-chirp/libraries/asio/asio/include/asio/detail/socket_holder.hpp:20:
In file included from /Users/Ashu/Code/songbird-chirp/libraries/asio/asio/include/asio/detail/socket_ops.hpp:372:
/Users/Ashu/Code/songbird-chirp/libraries/asio/asio/include/asio/detail/impl/socket_ops.ipp:847:14: warning: implicit conversion changes signedness: 'signed_size_type' (aka 'long') to 'size_t' (aka 'unsigned long') [-Wsign-conversion]
  847 |       return bytes;
      |       ~~~~~~ ^~~~~
/Users/Ashu/Code/songbird-chirp/libraries/asio/asio/include/asio/detail/impl/socket_ops.ipp:892:14: warning: implicit conversion changes signedness: 'signed_size_type' (aka 'long') to 'size_t' (aka 'unsigned long') [-Wsign-conversion]
  892 |       return bytes;
      |       ~~~~~~ ^~~~~
/Users/Ashu/Code/songbird-chirp/libraries/asio/asio/include/asio/detail/impl/socket_ops.ipp:959:27: warning: implicit conversion changes signedness: 'signed_size_type' (aka 'long') to 'size_t' (aka 'unsigned long') [-Wsign-conversion]
  959 |       bytes_transferred = bytes;
      |                         ~ ^~~~~
/Users/Ashu/Code/songbird-chirp/libraries/asio/asio/include/asio/detail/impl/socket_ops.ipp:997:27: warning: implicit conversion changes signedness: 'signed_size_type' (aka 'long') to 'size_t' (aka 'unsigned long') [-Wsign-conversion]
  997 |       bytes_transferred = bytes;
      |                         ~ ^~~~~
/Users/Ashu/Code/songbird-chirp/libraries/asio/asio/include/asio/detail/impl/socket_ops.ipp:1044:21: warning: implicit conversion changes signedness: 'int' to 'socklen_t' (aka 'unsigned int') [-Wsign-conversion]
 1044 |   msg.msg_namelen = static_cast<int>(*addrlen);
      |                   ~ ^~~~~~~~~~~~~~~~~~~~~~~~~~
/Users/Ashu/Code/songbird-chirp/libraries/asio/asio/include/asio/detail/impl/socket_ops.ipp:1117:14: warning: implicit conversion changes signedness: 'signed_size_type' (aka 'long') to 'size_t' (aka 'unsigned long') [-Wsign-conversion]
 1117 |       return bytes;
      |       ~~~~~~ ^~~~~
/Users/Ashu/Code/songbird-chirp/libraries/asio/asio/include/asio/detail/impl/socket_ops.ipp:1149:14: warning: implicit conversion changes signedness: 'signed_size_type' (aka 'long') to 'size_t' (aka 'unsigned long') [-Wsign-conversion]
 1149 |       return bytes;
      |       ~~~~~~ ^~~~~
/Users/Ashu/Code/songbird-chirp/libraries/asio/asio/include/asio/detail/impl/socket_ops.ipp:1202:27: warning: implicit conversion changes signedness: 'signed_size_type' (aka 'long') to 'size_t' (aka 'unsigned long') [-Wsign-conversion]
 1202 |       bytes_transferred = bytes;
      |                         ~ ^~~~~
/Users/Ashu/Code/songbird-chirp/libraries/asio/asio/include/asio/detail/impl/socket_ops.ipp:1234:27: warning: implicit conversion changes signedness: 'signed_size_type' (aka 'long') to 'size_t' (aka 'unsigned long') [-Wsign-conversion]
 1234 |       bytes_transferred = bytes;
      |                         ~ ^~~~~
/Users/Ashu/Code/songbird-chirp/libraries/asio/asio/include/asio/detail/impl/socket_ops.ipp:1294:14: warning: implicit conversion changes signedness: 'signed_size_type' (aka 'long') to 'size_t' (aka 'unsigned long') [-Wsign-conversion]
 1294 |       return bytes;
      |       ~~~~~~ ^~~~~
/Users/Ashu/Code/songbird-chirp/libraries/asio/asio/include/asio/detail/impl/socket_ops.ipp:1347:27: warning: implicit conversion changes signedness: 'signed_size_type' (aka 'long') to 'size_t' (aka 'unsigned long') [-Wsign-conversion]
 1347 |       bytes_transferred = bytes;
      |                         ~ ^~~~~
/Users/Ashu/Code/songbird-chirp/libraries/asio/asio/include/asio/detail/impl/socket_ops.ipp:1456:14: warning: implicit conversion changes signedness: 'signed_size_type' (aka 'long') to 'size_t' (aka 'unsigned long') [-Wsign-conversion]
 1456 |       return bytes;
      |       ~~~~~~ ^~~~~
/Users/Ashu/Code/songbird-chirp/libraries/asio/asio/include/asio/detail/impl/socket_ops.ipp:1494:14: warning: implicit conversion changes signedness: 'signed_size_type' (aka 'long') to 'size_t' (aka 'unsigned long') [-Wsign-conversion]
 1494 |       return bytes;
      |       ~~~~~~ ^~~~~
/Users/Ashu/Code/songbird-chirp/libraries/asio/asio/include/asio/detail/impl/socket_ops.ipp:1542:27: warning: implicit conversion changes signedness: 'signed_size_type' (aka 'long') to 'size_t' (aka 'unsigned long') [-Wsign-conversion]
 1542 |       bytes_transferred = bytes;
      |                         ~ ^~~~~
/Users/Ashu/Code/songbird-chirp/libraries/asio/asio/include/asio/detail/impl/socket_ops.ipp:1573:27: warning: implicit conversion changes signedness: 'signed_size_type' (aka 'long') to 'size_t' (aka 'unsigned long') [-Wsign-conversion]
 1573 |       bytes_transferred = bytes;
      |                         ~ ^~~~~
/Users/Ashu/Code/songbird-chirp/libraries/asio/asio/include/asio/detail/impl/socket_ops.ipp:1618:21: warning: implicit conversion changes signedness: 'int' to 'socklen_t' (aka 'unsigned int') [-Wsign-conversion]
 1618 |   msg.msg_namelen = static_cast<int>(addrlen);
      |                   ~ ^~~~~~~~~~~~~~~~~~~~~~~~~
/Users/Ashu/Code/songbird-chirp/libraries/asio/asio/include/asio/detail/impl/socket_ops.ipp:1691:14: warning: implicit conversion changes signedness: 'signed_size_type' (aka 'long') to 'size_t' (aka 'unsigned long') [-Wsign-conversion]
 1691 |       return bytes;
      |       ~~~~~~ ^~~~~
/Users/Ashu/Code/songbird-chirp/libraries/asio/asio/include/asio/detail/impl/socket_ops.ipp:1724:14: warning: implicit conversion changes signedness: 'signed_size_type' (aka 'long') to 'size_t' (aka 'unsigned long') [-Wsign-conversion]
 1724 |       return bytes;
      |       ~~~~~~ ^~~~~
/Users/Ashu/Code/songbird-chirp/libraries/asio/asio/include/asio/detail/impl/socket_ops.ipp:1754:27: warning: implicit conversion changes signedness: 'signed_size_type' (aka 'long') to 'size_t' (aka 'unsigned long') [-Wsign-conversion]
 1754 |       bytes_transferred = bytes;
      |                         ~ ^~~~~
/Users/Ashu/Code/songbird-chirp/libraries/asio/asio/include/asio/detail/impl/socket_ops.ipp:1787:27: warning: implicit conversion changes signedness: 'signed_size_type' (aka 'long') to 'size_t' (aka 'unsigned long') [-Wsign-conversion]
 1787 |       bytes_transferred = bytes;
      |                         ~ ^~~~~
/Users/Ashu/Code/songbird-chirp/libraries/asio/asio/include/asio/detail/impl/socket_ops.ipp:2507:51: warning: implicit conversion changes signedness: 'int' to 'socklen_t' (aka 'unsigned int') [-Wsign-conversion]
 2507 |   const char* result = ::inet_ntop(af, src, dest, static_cast<int>(length));
      |                        ~~                         ^~~~~~~~~~~~~~~~~~~~~~~~
/Users/Ashu/Code/songbird-chirp/libraries/asio/asio/include/asio/detail/impl/socket_ops.ipp:2522:7: warning: 'sprintf' is deprecated: This function is provided for compatibility reasons only.  Due to security concerns inherent in the design of sprintf(3), it is highly recommended that you use snprintf(3) instead. [-Wdeprecated-declarations]
 2522 |       sprintf(if_name + 1, "%lu", scope_id);
      |       ^
/Applications/Xcode.app/Contents/Developer/Platforms/MacOSX.platform/Developer/SDKs/MacOSX26.2.sdk/usr/include/_stdio.h:278:1: note: 'sprintf' has been explicitly marked deprecated here
  278 | __deprecated_msg("This function is provided for compatibility reasons only.  Due to security concerns inherent in the design of sprintf(3), it is highly recommended that you use snprintf(3) instead.")
      | ^
/Applications/Xcode.app/Contents/Developer/Platforms/MacOSX.platform/Developer/SDKs/MacOSX26.2.sdk/usr/include/sys/cdefs.h:227:48: note: expanded from macro '__deprecated_msg'
  227 |         #define __deprecated_msg(_msg) __attribute__((__deprecated__(_msg)))
      |                                                       ^
In file included from /Users/Ashu/Code/songbird-chirp/app/SongbirdEditor.cpp:1:
In file included from /Users/Ashu/Code/songbird-chirp/app/SongbirdEditor.h:8:
In file included from /Users/Ashu/Code/songbird-chirp/libraries/magenta/LyriaPlugin.h:4:
In file included from /Users/Ashu/Code/songbird-chirp/libraries/magenta/Gemini.h:3:
In file included from /Users/Ashu/Code/songbird-chirp/libraries/magenta/GeminiTypes.h:3:
In file included from /Users/Ashu/Code/songbird-chirp/libraries/magenta/MagentaAliases.h:23:
In file included from /Users/Ashu/Code/songbird-chirp/libraries/websocketpp/websocketpp/config/asio_client.hpp:32:
In file included from /Users/Ashu/Code/songbird-chirp/libraries/websocketpp/websocketpp/transport/asio/endpoint.hpp:32:
In file included from /Users/Ashu/Code/songbird-chirp/libraries/websocketpp/websocketpp/transport/asio/connection.hpp:31:
In file included from /Users/Ashu/Code/songbird-chirp/libraries/websocketpp/websocketpp/transport/asio/base.hpp:31:
In file included from /Users/Ashu/Code/songbird-chirp/libraries/websocketpp/websocketpp/common/asio.hpp:52:
In file included from /Users/Ashu/Code/songbird-chirp/libraries/asio/asio/include/asio.hpp:26:
In file included from /Users/Ashu/Code/songbird-chirp/libraries/asio/asio/include/asio/basic_datagram_socket.hpp:20:
In file included from /Users/Ashu/Code/songbird-chirp/libraries/asio/asio/include/asio/basic_socket.hpp:38:
In file included from /Users/Ashu/Code/songbird-chirp/libraries/asio/asio/include/asio/detail/reactive_socket_service.hpp:31:
In file included from /Users/Ashu/Code/songbird-chirp/libraries/asio/asio/include/asio/detail/reactive_socket_accept_op.hpp:26:
In file included from /Users/Ashu/Code/songbird-chirp/libraries/asio/asio/include/asio/detail/socket_holder.hpp:20:
In file included from /Users/Ashu/Code/songbird-chirp/libraries/asio/asio/include/asio/detail/socket_ops.hpp:372:
/Users/Ashu/Code/songbird-chirp/libraries/asio/asio/include/asio/detail/impl/socket_ops.ipp:2755:34: warning: implicit conversion changes signedness: 'long' to 'size_t' (aka 'unsigned long') [-Wsign-conversion]
 2755 |     memcpy(src_buf, src, if_name - src);
      |     ~~~~~~               ~~~~~~~~^~~~~
/Users/Ashu/Code/songbird-chirp/libraries/asio/asio/include/asio/detail/impl/socket_ops.ipp:2778:21: warning: implicit conversion changes signedness: 'int' to 'unsigned long' [-Wsign-conversion]
 2778 |         *scope_id = atoi(if_name + 1);
      |                   ~ ^~~~~~~~~~~~~~~~~
/Users/Ashu/Code/songbird-chirp/libraries/asio/asio/include/asio/detail/impl/socket_ops.ipp:2817:36: warning: implicit conversion changes signedness: 'int' to 'size_t' (aka 'unsigned long') [-Wsign-conversion]
 2817 |   int result = ::gethostname(name, namelen);
      |                ~~                  ^~~~~~~
/Users/Ashu/Code/songbird-chirp/libraries/asio/asio/include/asio/detail/impl/socket_ops.ipp:3746:47: warning: implicit conversion loses integer precision: 'int' to 'u_short_type' (aka 'unsigned short') [-Wimplicit-int-conversion]
 3746 |     u_short_type port = host_to_network_short(atoi(service));
      |                         ~~~~~~~~~~~~~~~~~~~~~ ^~~~~~~~~~~~~
/Users/Ashu/Code/songbird-chirp/libraries/asio/asio/include/asio/detail/impl/socket_ops.ipp:3857:37: warning: implicit conversion loses integer precision: 'std::size_t' (aka 'unsigned long') to 'socklen_t' (aka 'unsigned int') [-Wshorten-64-to-32]
 3856 |   int error = ::getnameinfo(static_cast<const socket_addr_type*>(addr),
      |               ~~
 3857 |       addrlen, host, hostlen, serv, servlen, flags);
      |                                     ^~~~~~~
/Users/Ashu/Code/songbird-chirp/libraries/asio/asio/include/asio/detail/impl/socket_ops.ipp:3857:22: warning: implicit conversion loses integer precision: 'std::size_t' (aka 'unsigned long') to 'socklen_t' (aka 'unsigned int') [-Wshorten-64-to-32]
 3856 |   int error = ::getnameinfo(static_cast<const socket_addr_type*>(addr),
      |               ~~
 3857 |       addrlen, host, hostlen, serv, servlen, flags);
      |                      ^~~~~~~
/Users/Ashu/Code/songbird-chirp/libraries/asio/asio/include/asio/detail/impl/socket_ops.ipp:3857:7: warning: implicit conversion loses integer precision: 'std::size_t' (aka 'unsigned long') to 'socklen_t' (aka 'unsigned int') [-Wshorten-64-to-32]
 3856 |   int error = ::getnameinfo(static_cast<const socket_addr_type*>(addr),
      |               ~~
 3857 |       addrlen, host, hostlen, serv, servlen, flags);
      |       ^~~~~~~
In file included from /Users/Ashu/Code/songbird-chirp/app/SongbirdEditor.cpp:1:
In file included from /Users/Ashu/Code/songbird-chirp/app/SongbirdEditor.h:8:
In file included from /Users/Ashu/Code/songbird-chirp/libraries/magenta/LyriaPlugin.h:4:
In file included from /Users/Ashu/Code/songbird-chirp/libraries/magenta/Gemini.h:3:
In file included from /Users/Ashu/Code/songbird-chirp/libraries/magenta/GeminiTypes.h:3:
In file included from /Users/Ashu/Code/songbird-chirp/libraries/magenta/MagentaAliases.h:23:
In file included from /Users/Ashu/Code/songbird-chirp/libraries/websocketpp/websocketpp/config/asio_client.hpp:32:
In file included from /Users/Ashu/Code/songbird-chirp/libraries/websocketpp/websocketpp/transport/asio/endpoint.hpp:32:
In file included from /Users/Ashu/Code/songbird-chirp/libraries/websocketpp/websocketpp/transport/asio/connection.hpp:31:
In file included from /Users/Ashu/Code/songbird-chirp/libraries/websocketpp/websocketpp/transport/asio/base.hpp:31:
In file included from /Users/Ashu/Code/songbird-chirp/libraries/websocketpp/websocketpp/common/asio.hpp:52:
In file included from /Users/Ashu/Code/songbird-chirp/libraries/asio/asio/include/asio.hpp:32:
In file included from /Users/Ashu/Code/songbird-chirp/libraries/asio/asio/include/asio/basic_readable_pipe.hpp:38:
In file included from /Users/Ashu/Code/songbird-chirp/libraries/asio/asio/include/asio/detail/reactive_descriptor_service.hpp:31:
In file included from /Users/Ashu/Code/songbird-chirp/libraries/asio/asio/include/asio/detail/descriptor_ops.hpp:172:
/Users/Ashu/Code/songbird-chirp/libraries/asio/asio/include/asio/detail/impl/descriptor_ops.ipp:195:14: warning: implicit conversion changes signedness: 'signed_size_type' (aka 'long') to 'std::size_t' (aka 'unsigned long') [-Wsign-conversion]
  195 |       return bytes;
      |       ~~~~~~ ^~~~~
/Users/Ashu/Code/songbird-chirp/libraries/asio/asio/include/asio/detail/impl/descriptor_ops.ipp:241:14: warning: implicit conversion changes signedness: 'signed_size_type' (aka 'long') to 'std::size_t' (aka 'unsigned long') [-Wsign-conversion]
  241 |       return bytes;
      |       ~~~~~~ ^~~~~
/Users/Ashu/Code/songbird-chirp/libraries/asio/asio/include/asio/detail/impl/descriptor_ops.ipp:281:27: warning: implicit conversion changes signedness: 'signed_size_type' (aka 'long') to 'std::size_t' (aka 'unsigned long') [-Wsign-conversion]
  281 |       bytes_transferred = bytes;
      |                         ~ ^~~~~
/Users/Ashu/Code/songbird-chirp/libraries/asio/asio/include/asio/detail/impl/descriptor_ops.ipp:319:27: warning: implicit conversion changes signedness: 'signed_size_type' (aka 'long') to 'std::size_t' (aka 'unsigned long') [-Wsign-conversion]
  319 |       bytes_transferred = bytes;
      |                         ~ ^~~~~
/Users/Ashu/Code/songbird-chirp/libraries/asio/asio/include/asio/detail/impl/descriptor_ops.ipp:363:14: warning: implicit conversion changes signedness: 'signed_size_type' (aka 'long') to 'std::size_t' (aka 'unsigned long') [-Wsign-conversion]
  363 |       return bytes;
      |       ~~~~~~ ^~~~~
/Users/Ashu/Code/songbird-chirp/libraries/asio/asio/include/asio/detail/impl/descriptor_ops.ipp:402:14: warning: implicit conversion changes signedness: 'signed_size_type' (aka 'long') to 'std::size_t' (aka 'unsigned long') [-Wsign-conversion]
  402 |       return bytes;
      |       ~~~~~~ ^~~~~
/Users/Ashu/Code/songbird-chirp/libraries/asio/asio/include/asio/detail/impl/descriptor_ops.ipp:428:27: warning: implicit conversion changes signedness: 'signed_size_type' (aka 'long') to 'std::size_t' (aka 'unsigned long') [-Wsign-conversion]
  428 |       bytes_transferred = bytes;
      |                         ~ ^~~~~
/Users/Ashu/Code/songbird-chirp/libraries/asio/asio/include/asio/detail/impl/descriptor_ops.ipp:459:27: warning: implicit conversion changes signedness: 'signed_size_type' (aka 'long') to 'std::size_t' (aka 'unsigned long') [-Wsign-conversion]
  459 |       bytes_transferred = bytes;
      |                         ~ ^~~~~
/Users/Ashu/Code/songbird-chirp/libraries/asio/asio/include/asio/detail/impl/descriptor_ops.ipp:804:27: warning: implicit conversion changes signedness: 'long' to 'unsigned long' [-Wsign-conversion]
  804 |   int result = ::ioctl(d, cmd, arg);
      |                ~~         ^~~
In file included from /Users/Ashu/Code/songbird-chirp/app/SongbirdEditor.cpp:1:
In file included from /Users/Ashu/Code/songbird-chirp/app/SongbirdEditor.h:8:
In file included from /Users/Ashu/Code/songbird-chirp/libraries/magenta/LyriaPlugin.h:4:
In file included from /Users/Ashu/Code/songbird-chirp/libraries/magenta/Gemini.h:3:
In file included from /Users/Ashu/Code/songbird-chirp/libraries/magenta/GeminiTypes.h:3:
In file included from /Users/Ashu/Code/songbird-chirp/libraries/magenta/MagentaAliases.h:23:
In file included from /Users/Ashu/Code/songbird-chirp/libraries/websocketpp/websocketpp/config/asio_client.hpp:32:
In file included from /Users/Ashu/Code/songbird-chirp/libraries/websocketpp/websocketpp/transport/asio/endpoint.hpp:32:
In file included from /Users/Ashu/Code/songbird-chirp/libraries/websocketpp/websocketpp/transport/asio/connection.hpp:31:
In file included from /Users/Ashu/Code/songbird-chirp/libraries/websocketpp/websocketpp/transport/asio/base.hpp:31:
In file included from /Users/Ashu/Code/songbird-chirp/libraries/websocketpp/websocketpp/common/asio.hpp:52:
In file included from /Users/Ashu/Code/songbird-chirp/libraries/asio/asio/include/asio.hpp:34:
In file included from /Users/Ashu/Code/songbird-chirp/libraries/asio/asio/include/asio/basic_serial_port.hpp:34:
In file included from /Users/Ashu/Code/songbird-chirp/libraries/asio/asio/include/asio/serial_port_base.hpp:161:
/Users/Ashu/Code/songbird-chirp/libraries/asio/asio/include/asio/impl/serial_port_base.ipp:251:24: warning: implicit conversion changes signedness: 'int' to 'tcflag_t' (aka 'unsigned long') [-Wsign-conversion]
  251 |     storage.c_iflag &= ~(IXOFF | IXON);
      |                     ~~ ^~~~~~~~~~~~~~~
/Users/Ashu/Code/songbird-chirp/libraries/asio/asio/include/asio/impl/serial_port_base.ipp:364:24: warning: implicit conversion changes signedness: 'int' to 'tcflag_t' (aka 'unsigned long') [-Wsign-conversion]
  364 |     storage.c_cflag &= ~(PARENB | PARODD);
      |                     ~~ ^~~~~~~~~~~~~~~~~~
/Users/Ashu/Code/songbird-chirp/libraries/asio/asio/include/asio/impl/serial_port_base.ipp:367:24: warning: implicit conversion changes signedness: 'int' to 'tcflag_t' (aka 'unsigned long') [-Wsign-conversion]
  367 |     storage.c_iflag &= ~(IGNPAR | PARMRK);
      |                     ~~ ^~~~~~~~~~~~~~~~~~
/Users/Ashu/Code/songbird-chirp/libraries/asio/asio/include/asio/impl/serial_port_base.ipp:370:24: warning: implicit conversion changes signedness: 'int' to 'tcflag_t' (aka 'unsigned long') [-Wsign-conversion]
  370 |     storage.c_cflag &= ~PARODD;
      |                     ~~ ^~~~~~~
/Users/Ashu/Code/songbird-chirp/libraries/asio/asio/include/asio/impl/serial_port_base.ipp:373:24: warning: implicit conversion changes signedness: 'int' to 'tcflag_t' (aka 'unsigned long') [-Wsign-conversion]
  373 |     storage.c_iflag &= ~(IGNPAR | PARMRK);
      |                     ~~ ^~~~~~~~~~~~~~~~~~
/Users/Ashu/Code/songbird-chirp/libraries/asio/asio/include/asio/impl/serial_port_base.ipp:455:24: warning: implicit conversion changes signedness: 'int' to 'tcflag_t' (aka 'unsigned long') [-Wsign-conversion]
  455 |     storage.c_cflag &= ~CSTOPB;
      |                     ~~ ^~~~~~~
/Users/Ashu/Code/songbird-chirp/libraries/asio/asio/include/asio/impl/serial_port_base.ipp:452:11: warning: enumeration value 'onepointfive' not explicitly handled in switch [-Wswitch-enum]
  452 |   switch (value_)
      |           ^~~~~~
/Users/Ashu/Code/songbird-chirp/libraries/asio/asio/include/asio/impl/serial_port_base.ipp:452:11: note: add missing switch cases
  452 |   switch (value_)
      |           ^
  453 |   {
  454 |   case one:
  455 |     storage.c_cflag &= ~CSTOPB;
  456 |     break;
  457 |   case two:
/Users/Ashu/Code/songbird-chirp/libraries/asio/asio/include/asio/impl/serial_port_base.ipp:512:22: warning: implicit conversion changes signedness: 'int' to 'tcflag_t' (aka 'unsigned long') [-Wsign-conversion]
  512 |   storage.c_cflag &= ~CSIZE;
      |                   ~~ ^~~~~~
In file included from /Users/Ashu/Code/songbird-chirp/app/SongbirdEditor.cpp:1:
In file included from /Users/Ashu/Code/songbird-chirp/app/SongbirdEditor.h:8:
In file included from /Users/Ashu/Code/songbird-chirp/libraries/magenta/LyriaPlugin.h:4:
In file included from /Users/Ashu/Code/songbird-chirp/libraries/magenta/Gemini.h:3:
In file included from /Users/Ashu/Code/songbird-chirp/libraries/magenta/GeminiTypes.h:3:
In file included from /Users/Ashu/Code/songbird-chirp/libraries/magenta/MagentaAliases.h:23:
In file included from /Users/Ashu/Code/songbird-chirp/libraries/websocketpp/websocketpp/config/asio_client.hpp:32:
In file included from /Users/Ashu/Code/songbird-chirp/libraries/websocketpp/websocketpp/transport/asio/endpoint.hpp:32:
In file included from /Users/Ashu/Code/songbird-chirp/libraries/websocketpp/websocketpp/transport/asio/connection.hpp:31:
In file included from /Users/Ashu/Code/songbird-chirp/libraries/websocketpp/websocketpp/transport/asio/base.hpp:31:
In file included from /Users/Ashu/Code/songbird-chirp/libraries/websocketpp/websocketpp/common/asio.hpp:52:
In file included from /Users/Ashu/Code/songbird-chirp/libraries/asio/asio/include/asio.hpp:34:
In file included from /Users/Ashu/Code/songbird-chirp/libraries/asio/asio/include/asio/basic_serial_port.hpp:38:
In file included from /Users/Ashu/Code/songbird-chirp/libraries/asio/asio/include/asio/detail/posix_serial_port_service.hpp:243:
/Users/Ashu/Code/songbird-chirp/libraries/asio/asio/include/asio/detail/impl/posix_serial_port_service.ipp:84:20: warning: implicit conversion changes signedness: 'int' to 'tcflag_t' (aka 'unsigned long') [-Wsign-conversion]
   84 |     ios.c_iflag &= ~(IGNBRK | BRKINT | PARMRK
      |                 ~~ ^~~~~~~~~~~~~~~~~~~~~~~~~~
   85 |         | ISTRIP | INLCR | IGNCR | ICRNL | IXON);
      |         ~~~~~~~~~~~~~~~~~~~~~~~~~~~~~~~~~~~~~~~~
/Users/Ashu/Code/songbird-chirp/libraries/asio/asio/include/asio/detail/impl/posix_serial_port_service.ipp:86:20: warning: implicit conversion changes signedness: 'int' to 'tcflag_t' (aka 'unsigned long') [-Wsign-conversion]
   86 |     ios.c_oflag &= ~OPOST;
      |                 ~~ ^~~~~~
/Users/Ashu/Code/songbird-chirp/libraries/asio/asio/include/asio/detail/impl/posix_serial_port_service.ipp:87:20: warning: implicit conversion changes signedness: 'int' to 'tcflag_t' (aka 'unsigned long') [-Wsign-conversion]
   87 |     ios.c_lflag &= ~(ECHO | ECHONL | ICANON | ISIG | IEXTEN);
      |                 ~~ ^~~~~~~~~~~~~~~~~~~~~~~~~~~~~~~~~~~~~~~~~
/Users/Ashu/Code/songbird-chirp/libraries/asio/asio/include/asio/detail/impl/posix_serial_port_service.ipp:88:20: warning: implicit conversion changes signedness: 'int' to 'tcflag_t' (aka 'unsigned long') [-Wsign-conversion]
   88 |     ios.c_cflag &= ~(CSIZE | PARENB);
      |                 ~~ ^~~~~~~~~~~~~~~~~
In file included from /Users/Ashu/Code/songbird-chirp/app/SongbirdEditor.cpp:1:
In file included from /Users/Ashu/Code/songbird-chirp/app/SongbirdEditor.h:8:
In file included from /Users/Ashu/Code/songbird-chirp/libraries/magenta/LyriaPlugin.h:4:
In file included from /Users/Ashu/Code/songbird-chirp/libraries/magenta/Gemini.h:3:
In file included from /Users/Ashu/Code/songbird-chirp/libraries/magenta/GeminiTypes.h:3:
In file included from /Users/Ashu/Code/songbird-chirp/libraries/magenta/MagentaAliases.h:23:
In file included from /Users/Ashu/Code/songbird-chirp/libraries/websocketpp/websocketpp/config/asio_client.hpp:32:
In file included from /Users/Ashu/Code/songbird-chirp/libraries/websocketpp/websocketpp/transport/asio/endpoint.hpp:32:
In file included from /Users/Ashu/Code/songbird-chirp/libraries/websocketpp/websocketpp/transport/asio/connection.hpp:31:
In file included from /Users/Ashu/Code/songbird-chirp/libraries/websocketpp/websocketpp/transport/asio/base.hpp:31:
In file included from /Users/Ashu/Code/songbird-chirp/libraries/websocketpp/websocketpp/common/asio.hpp:52:
In file included from /Users/Ashu/Code/songbird-chirp/libraries/asio/asio/include/asio.hpp:56:
/Users/Ashu/Code/songbird-chirp/libraries/asio/asio/include/asio/buffers_iterator.hpp:444:27: warning: implicit conversion changes signedness: 'std::ptrdiff_t' (aka 'long') to 'std::size_t' (aka 'unsigned long') [-Wsign-conversion]
  444 |       std::size_t abs_n = -n;
      |                   ~~~~~   ^~
In file included from /Users/Ashu/Code/songbird-chirp/app/SongbirdEditor.cpp:1:
In file included from /Users/Ashu/Code/songbird-chirp/app/SongbirdEditor.h:8:
In file included from /Users/Ashu/Code/songbird-chirp/libraries/magenta/LyriaPlugin.h:4:
In file included from /Users/Ashu/Code/songbird-chirp/libraries/magenta/Gemini.h:3:
In file included from /Users/Ashu/Code/songbird-chirp/libraries/magenta/GeminiTypes.h:3:
In file included from /Users/Ashu/Code/songbird-chirp/libraries/magenta/MagentaAliases.h:23:
In file included from /Users/Ashu/Code/songbird-chirp/libraries/websocketpp/websocketpp/config/asio_client.hpp:32:
In file included from /Users/Ashu/Code/songbird-chirp/libraries/websocketpp/websocketpp/transport/asio/endpoint.hpp:32:
In file included from /Users/Ashu/Code/songbird-chirp/libraries/websocketpp/websocketpp/transport/asio/connection.hpp:31:
In file included from /Users/Ashu/Code/songbird-chirp/libraries/websocketpp/websocketpp/transport/asio/base.hpp:31:
In file included from /Users/Ashu/Code/songbird-chirp/libraries/websocketpp/websocketpp/common/asio.hpp:52:
In file included from /Users/Ashu/Code/songbird-chirp/libraries/asio/asio/include/asio.hpp:118:
In file included from /Users/Ashu/Code/songbird-chirp/libraries/asio/asio/include/asio/ip/address.hpp:25:
In file included from /Users/Ashu/Code/songbird-chirp/libraries/asio/asio/include/asio/ip/address_v6.hpp:413:
/Users/Ashu/Code/songbird-chirp/libraries/asio/asio/include/asio/ip/impl/address_v6.ipp:292:28: warning: implicit conversion loses integer precision: 'unsigned long' to 'scope_id_type' (aka 'unsigned int') [-Wshorten-64-to-32]
  292 |   return address_v6(bytes, scope_id);
      |          ~~~~~~~~~~        ^~~~~~~~
In file included from /Users/Ashu/Code/songbird-chirp/app/SongbirdEditor.cpp:1:
In file included from /Users/Ashu/Code/songbird-chirp/app/SongbirdEditor.h:8:
In file included from /Users/Ashu/Code/songbird-chirp/libraries/magenta/LyriaPlugin.h:4:
In file included from /Users/Ashu/Code/songbird-chirp/libraries/magenta/Gemini.h:3:
In file included from /Users/Ashu/Code/songbird-chirp/libraries/magenta/GeminiTypes.h:3:
In file included from /Users/Ashu/Code/songbird-chirp/libraries/magenta/MagentaAliases.h:23:
In file included from /Users/Ashu/Code/songbird-chirp/libraries/websocketpp/websocketpp/config/asio_client.hpp:32:
In file included from /Users/Ashu/Code/songbird-chirp/libraries/websocketpp/websocketpp/transport/asio/endpoint.hpp:32:
In file included from /Users/Ashu/Code/songbird-chirp/libraries/websocketpp/websocketpp/transport/asio/connection.hpp:31:
In file included from /Users/Ashu/Code/songbird-chirp/libraries/websocketpp/websocketpp/transport/asio/base.hpp:31:
In file included from /Users/Ashu/Code/songbird-chirp/libraries/websocketpp/websocketpp/common/asio.hpp:52:
In file included from /Users/Ashu/Code/songbird-chirp/libraries/asio/asio/include/asio.hpp:125:
In file included from /Users/Ashu/Code/songbird-chirp/libraries/asio/asio/include/asio/ip/network_v4.hpp:258:
/Users/Ashu/Code/songbird-chirp/libraries/asio/asio/include/asio/ip/impl/network_v4.ipp:135:3: warning: 'sprintf' is deprecated: This function is provided for compatibility reasons only.  Due to security concerns inherent in the design of sprintf(3), it is highly recommended that you use snprintf(3) instead. [-Wdeprecated-declarations]
  135 |   sprintf(prefix_len, "/%u", prefix_length_);
      |   ^
/Applications/Xcode.app/Contents/Developer/Platforms/MacOSX.platform/Developer/SDKs/MacOSX26.2.sdk/usr/include/_stdio.h:278:1: note: 'sprintf' has been explicitly marked deprecated here
  278 | __deprecated_msg("This function is provided for compatibility reasons only.  Due to security concerns inherent in the design of sprintf(3), it is highly recommended that you use snprintf(3) instead.")
      | ^
/Applications/Xcode.app/Contents/Developer/Platforms/MacOSX.platform/Developer/SDKs/MacOSX26.2.sdk/usr/include/sys/cdefs.h:227:48: note: expanded from macro '__deprecated_msg'
  227 |         #define __deprecated_msg(_msg) __attribute__((__deprecated__(_msg)))
      |                                                       ^
In file included from /Users/Ashu/Code/songbird-chirp/app/SongbirdEditor.cpp:1:
In file included from /Users/Ashu/Code/songbird-chirp/app/SongbirdEditor.h:8:
In file included from /Users/Ashu/Code/songbird-chirp/libraries/magenta/LyriaPlugin.h:4:
In file included from /Users/Ashu/Code/songbird-chirp/libraries/magenta/Gemini.h:3:
In file included from /Users/Ashu/Code/songbird-chirp/libraries/magenta/GeminiTypes.h:3:
In file included from /Users/Ashu/Code/songbird-chirp/libraries/magenta/MagentaAliases.h:23:
In file included from /Users/Ashu/Code/songbird-chirp/libraries/websocketpp/websocketpp/config/asio_client.hpp:32:
In file included from /Users/Ashu/Code/songbird-chirp/libraries/websocketpp/websocketpp/transport/asio/endpoint.hpp:32:
In file included from /Users/Ashu/Code/songbird-chirp/libraries/websocketpp/websocketpp/transport/asio/connection.hpp:31:
In file included from /Users/Ashu/Code/songbird-chirp/libraries/websocketpp/websocketpp/transport/asio/base.hpp:31:
In file included from /Users/Ashu/Code/songbird-chirp/libraries/websocketpp/websocketpp/common/asio.hpp:52:
In file included from /Users/Ashu/Code/songbird-chirp/libraries/asio/asio/include/asio.hpp:126:
In file included from /Users/Ashu/Code/songbird-chirp/libraries/asio/asio/include/asio/ip/network_v6.hpp:232:
/Users/Ashu/Code/songbird-chirp/libraries/asio/asio/include/asio/ip/impl/network_v6.ipp:104:3: warning: 'sprintf' is deprecated: This function is provided for compatibility reasons only.  Due to security concerns inherent in the design of sprintf(3), it is highly recommended that you use snprintf(3) instead. [-Wdeprecated-declarations]
  104 |   sprintf(prefix_len, "/%u", prefix_length_);
      |   ^
/Applications/Xcode.app/Contents/Developer/Platforms/MacOSX.platform/Developer/SDKs/MacOSX26.2.sdk/usr/include/_stdio.h:278:1: note: 'sprintf' has been explicitly marked deprecated here
  278 | __deprecated_msg("This function is provided for compatibility reasons only.  Due to security concerns inherent in the design of sprintf(3), it is highly recommended that you use snprintf(3) instead.")
      | ^
/Applications/Xcode.app/Contents/Developer/Platforms/MacOSX.platform/Developer/SDKs/MacOSX26.2.sdk/usr/include/sys/cdefs.h:227:48: note: expanded from macro '__deprecated_msg'
  227 |         #define __deprecated_msg(_msg) __attribute__((__deprecated__(_msg)))
      |                                                       ^
In file included from /Users/Ashu/Code/songbird-chirp/app/SongbirdEditor.cpp:1:
In file included from /Users/Ashu/Code/songbird-chirp/app/SongbirdEditor.h:8:
In file included from /Users/Ashu/Code/songbird-chirp/libraries/magenta/LyriaPlugin.h:4:
In file included from /Users/Ashu/Code/songbird-chirp/libraries/magenta/Gemini.h:3:
In file included from /Users/Ashu/Code/songbird-chirp/libraries/magenta/GeminiTypes.h:3:
In file included from /Users/Ashu/Code/songbird-chirp/libraries/magenta/MagentaAliases.h:23:
In file included from /Users/Ashu/Code/songbird-chirp/libraries/websocketpp/websocketpp/config/asio_client.hpp:32:
In file included from /Users/Ashu/Code/songbird-chirp/libraries/websocketpp/websocketpp/transport/asio/endpoint.hpp:32:
In file included from /Users/Ashu/Code/songbird-chirp/libraries/websocketpp/websocketpp/transport/asio/connection.hpp:31:
In file included from /Users/Ashu/Code/songbird-chirp/libraries/websocketpp/websocketpp/transport/asio/base.hpp:31:
In file included from /Users/Ashu/Code/songbird-chirp/libraries/websocketpp/websocketpp/common/asio.hpp:52:
In file included from /Users/Ashu/Code/songbird-chirp/libraries/asio/asio/include/asio.hpp:129:
In file included from /Users/Ashu/Code/songbird-chirp/libraries/asio/asio/include/asio/ip/basic_resolver.hpp:30:
In file included from /Users/Ashu/Code/songbird-chirp/libraries/asio/asio/include/asio/ip/basic_resolver_query.hpp:21:
In file included from /Users/Ashu/Code/songbird-chirp/libraries/asio/asio/include/asio/ip/resolver_query_base.hpp:19:
/Users/Ashu/Code/songbird-chirp/libraries/asio/asio/include/asio/ip/resolver_base.hpp:68:5: warning: declaration shadows a variable in namespace 'asio::ip' [-Wshadow]
   68 |     v4_mapped = ASIO_OS_DEF(AI_V4MAPPED),
      |     ^
/Users/Ashu/Code/songbird-chirp/libraries/asio/asio/include/asio/ip/address_v6.hpp:337:20: note: previous declaration is here
  337 | enum v4_mapped_t { v4_mapped };
      |                    ^
In file included from /Users/Ashu/Code/songbird-chirp/app/SongbirdEditor.cpp:1:
In file included from /Users/Ashu/Code/songbird-chirp/app/SongbirdEditor.h:8:
In file included from /Users/Ashu/Code/songbird-chirp/libraries/magenta/LyriaPlugin.h:4:
In file included from /Users/Ashu/Code/songbird-chirp/libraries/magenta/Gemini.h:3:
In file included from /Users/Ashu/Code/songbird-chirp/libraries/magenta/GeminiTypes.h:3:
In file included from /Users/Ashu/Code/songbird-chirp/libraries/magenta/MagentaAliases.h:23:
In file included from /Users/Ashu/Code/songbird-chirp/libraries/websocketpp/websocketpp/config/asio_client.hpp:33:
In file included from /Users/Ashu/Code/songbird-chirp/libraries/websocketpp/websocketpp/transport/asio/security/tls.hpp:35:
In file included from /Users/Ashu/Code/songbird-chirp/libraries/websocketpp/websocketpp/common/asio_ssl.hpp:34:
In file included from /Users/Ashu/Code/songbird-chirp/libraries/asio/asio/include/asio/ssl.hpp:18:
In file included from /Users/Ashu/Code/songbird-chirp/libraries/asio/asio/include/asio/ssl/context.hpp:761:
In file included from /Users/Ashu/Code/songbird-chirp/libraries/asio/asio/include/asio/ssl/impl/context.ipp:25:
In file included from /Users/Ashu/Code/songbird-chirp/libraries/asio/asio/include/asio/ssl/error.hpp:122:
/Users/Ashu/Code/songbird-chirp/libraries/asio/asio/include/asio/ssl/impl/error.ipp:38:52: warning: implicit conversion changes signedness: 'int' to 'unsigned long' [-Wsign-conversion]
   38 |     const char* reason = ::ERR_reason_error_string(value);
      |                          ~~                        ^~~~~
/Users/Ashu/Code/songbird-chirp/libraries/asio/asio/include/asio/ssl/impl/error.ipp:41:48: warning: implicit conversion changes signedness: 'int' to 'unsigned long' [-Wsign-conversion]
   41 |       const char* lib = ::ERR_lib_error_string(value);
      |                         ~~                     ^~~~~
In file included from /Users/Ashu/Code/songbird-chirp/app/SongbirdEditor.cpp:1:
In file included from /Users/Ashu/Code/songbird-chirp/app/SongbirdEditor.h:8:
In file included from /Users/Ashu/Code/songbird-chirp/libraries/magenta/LyriaPlugin.h:4:
In file included from /Users/Ashu/Code/songbird-chirp/libraries/magenta/Gemini.h:3:
In file included from /Users/Ashu/Code/songbird-chirp/libraries/magenta/GeminiTypes.h:3:
In file included from /Users/Ashu/Code/songbird-chirp/libraries/magenta/MagentaAliases.h:23:
In file included from /Users/Ashu/Code/songbird-chirp/libraries/websocketpp/websocketpp/config/asio_client.hpp:33:
In file included from /Users/Ashu/Code/songbird-chirp/libraries/websocketpp/websocketpp/transport/asio/security/tls.hpp:35:
In file included from /Users/Ashu/Code/songbird-chirp/libraries/websocketpp/websocketpp/common/asio_ssl.hpp:34:
In file included from /Users/Ashu/Code/songbird-chirp/libraries/asio/asio/include/asio/ssl.hpp:18:
In file included from /Users/Ashu/Code/songbird-chirp/libraries/asio/asio/include/asio/ssl/context.hpp:761:
/Users/Ashu/Code/songbird-chirp/libraries/asio/asio/include/asio/ssl/impl/context.ipp:362:43: warning: implicit conversion changes signedness: 'unsigned long' to 'long' [-Wsign-conversion]
  362 |     asio::error_code ec = translate_error(::ERR_get_error());
      |                           ~~~~~~~~~~~~~~~ ^~~~~~~~~~~~~~~~~
/Users/Ashu/Code/songbird-chirp/libraries/asio/asio/include/asio/ssl/impl/context.ipp:463:36: warning: implicit conversion changes signedness: 'context::options' (aka 'long') to 'uint64_t' (aka 'unsigned long long') [-Wsign-conversion]
  463 |   ::SSL_CTX_clear_options(handle_, o);
      |   ~~                               ^
/Users/Ashu/Code/songbird-chirp/libraries/asio/asio/include/asio/ssl/impl/context.ipp:496:34: warning: implicit conversion changes signedness: 'context::options' (aka 'long') to 'uint64_t' (aka 'unsigned long long') [-Wsign-conversion]
  496 |   ::SSL_CTX_set_options(handle_, o);
      |   ~~                             ^
/Users/Ashu/Code/songbird-chirp/libraries/asio/asio/include/asio/ssl/impl/context.ipp:548:26: warning: implicit conversion changes signedness: 'unsigned long' to 'long' [-Wsign-conversion]
  548 |     ec = translate_error(::ERR_get_error());
      |          ~~~~~~~~~~~~~~~ ^~~~~~~~~~~~~~~~~
/Users/Ashu/Code/songbird-chirp/libraries/asio/asio/include/asio/ssl/impl/context.ipp:583:32: warning: implicit conversion changes signedness: 'unsigned long' to 'long' [-Wsign-conversion]
  583 |           ec = translate_error(err);
      |                ~~~~~~~~~~~~~~~ ^~~
/Users/Ashu/Code/songbird-chirp/libraries/asio/asio/include/asio/ssl/impl/context.ipp:589:32: warning: implicit conversion changes signedness: 'unsigned long' to 'long' [-Wsign-conversion]
  589 |           ec = translate_error(::ERR_get_error());
      |                ~~~~~~~~~~~~~~~ ^~~~~~~~~~~~~~~~~
/Users/Ashu/Code/songbird-chirp/libraries/asio/asio/include/asio/ssl/impl/context.ipp:614:26: warning: implicit conversion changes signedness: 'unsigned long' to 'long' [-Wsign-conversion]
  614 |     ec = translate_error(::ERR_get_error());
      |          ~~~~~~~~~~~~~~~ ^~~~~~~~~~~~~~~~~
/Users/Ashu/Code/songbird-chirp/libraries/asio/asio/include/asio/ssl/impl/context.ipp:636:26: warning: implicit conversion changes signedness: 'unsigned long' to 'long' [-Wsign-conversion]
  636 |     ec = translate_error(::ERR_get_error());
      |          ~~~~~~~~~~~~~~~ ^~~~~~~~~~~~~~~~~
/Users/Ashu/Code/songbird-chirp/libraries/asio/asio/include/asio/ssl/impl/context.ipp:690:24: warning: implicit conversion changes signedness: 'unsigned long' to 'long' [-Wsign-conversion]
  690 |   ec = translate_error(::ERR_get_error());
      |        ~~~~~~~~~~~~~~~ ^~~~~~~~~~~~~~~~~
/Users/Ashu/Code/songbird-chirp/libraries/asio/asio/include/asio/ssl/impl/context.ipp:726:26: warning: implicit conversion changes signedness: 'unsigned long' to 'long' [-Wsign-conversion]
  726 |     ec = translate_error(::ERR_get_error());
      |          ~~~~~~~~~~~~~~~ ^~~~~~~~~~~~~~~~~
/Users/Ashu/Code/songbird-chirp/libraries/asio/asio/include/asio/ssl/impl/context.ipp:772:28: warning: implicit conversion changes signedness: 'unsigned long' to 'long' [-Wsign-conversion]
  772 |       ec = translate_error(::ERR_get_error());
      |            ~~~~~~~~~~~~~~~ ^~~~~~~~~~~~~~~~~
/Users/Ashu/Code/songbird-chirp/libraries/asio/asio/include/asio/ssl/impl/context.ipp:795:30: warning: implicit conversion changes signedness: 'unsigned long' to 'long' [-Wsign-conversion]
  795 |         ec = translate_error(::ERR_get_error());
      |              ~~~~~~~~~~~~~~~ ^~~~~~~~~~~~~~~~~
/Users/Ashu/Code/songbird-chirp/libraries/asio/asio/include/asio/ssl/impl/context.ipp:802:28: warning: implicit conversion changes signedness: 'int' to 'unsigned long' [-Wsign-conversion]
  802 |         && (ERR_GET_REASON(result) == PEM_R_NO_START_LINE))
      |             ~~~~~~~~~~~~~~ ^~~~~~
/Users/Ashu/Code/songbird-chirp/libraries/asio/asio/include/asio/ssl/impl/context.ipp:801:22: warning: implicit conversion changes signedness: 'int' to 'unsigned long' [-Wsign-conversion]
  801 |     if ((ERR_GET_LIB(result) == ERR_LIB_PEM)
      |          ~~~~~~~~~~~ ^~~~~~
/Users/Ashu/Code/songbird-chirp/libraries/asio/asio/include/asio/ssl/impl/context.ipp:810:24: warning: implicit conversion changes signedness: 'unsigned long' to 'long' [-Wsign-conversion]
  810 |   ec = translate_error(::ERR_get_error());
      |        ~~~~~~~~~~~~~~~ ^~~~~~~~~~~~~~~~~
/Users/Ashu/Code/songbird-chirp/libraries/asio/asio/include/asio/ssl/impl/context.ipp:800:14: warning: implicit conversion loses integer precision: 'unsigned long' to 'int' [-Wshorten-64-to-32]
  800 |     result = ::ERR_peek_last_error();
      |            ~ ^~~~~~~~~~~~~~~~~~~~~~~
/Users/Ashu/Code/songbird-chirp/libraries/asio/asio/include/asio/ssl/impl/context.ipp:828:26: warning: implicit conversion changes signedness: 'unsigned long' to 'long' [-Wsign-conversion]
  828 |     ec = translate_error(::ERR_get_error());
      |          ~~~~~~~~~~~~~~~ ^~~~~~~~~~~~~~~~~
/Users/Ashu/Code/songbird-chirp/libraries/asio/asio/include/asio/ssl/impl/context.ipp:892:24: warning: implicit conversion changes signedness: 'unsigned long' to 'long' [-Wsign-conversion]
  892 |   ec = translate_error(::ERR_get_error());
      |        ~~~~~~~~~~~~~~~ ^~~~~~~~~~~~~~~~~
/Users/Ashu/Code/songbird-chirp/libraries/asio/asio/include/asio/ssl/impl/context.ipp:996:24: warning: implicit conversion changes signedness: 'unsigned long' to 'long' [-Wsign-conversion]
  996 |   ec = translate_error(::ERR_get_error());
      |        ~~~~~~~~~~~~~~~ ^~~~~~~~~~~~~~~~~
/Users/Ashu/Code/songbird-chirp/libraries/asio/asio/include/asio/ssl/impl/context.ipp:1024:26: warning: implicit conversion changes signedness: 'unsigned long' to 'long' [-Wsign-conversion]
 1024 |     ec = translate_error(::ERR_get_error());
      |          ~~~~~~~~~~~~~~~ ^~~~~~~~~~~~~~~~~
/Users/Ashu/Code/songbird-chirp/libraries/asio/asio/include/asio/ssl/impl/context.ipp:1088:24: warning: implicit conversion changes signedness: 'unsigned long' to 'long' [-Wsign-conversion]
 1088 |   ec = translate_error(::ERR_get_error());
      |        ~~~~~~~~~~~~~~~ ^~~~~~~~~~~~~~~~~
/Users/Ashu/Code/songbird-chirp/libraries/asio/asio/include/asio/ssl/impl/context.ipp:1139:24: warning: implicit conversion changes signedness: 'unsigned long' to 'long' [-Wsign-conversion]
 1139 |   ec = translate_error(::ERR_get_error());
      |        ~~~~~~~~~~~~~~~ ^~~~~~~~~~~~~~~~~
/Users/Ashu/Code/songbird-chirp/libraries/asio/asio/include/asio/ssl/impl/context.ipp:1161:24: warning: implicit conversion changes signedness: 'unsigned long' to 'long' [-Wsign-conversion]
 1161 |   ec = translate_error(::ERR_get_error());
      |        ~~~~~~~~~~~~~~~ ^~~~~~~~~~~~~~~~~
/Users/Ashu/Code/songbird-chirp/libraries/asio/asio/include/asio/ssl/impl/context.ipp:1194:24: warning: implicit conversion changes signedness: 'unsigned long' to 'long' [-Wsign-conversion]
 1194 |   ec = translate_error(::ERR_get_error());
      |        ~~~~~~~~~~~~~~~ ^~~~~~~~~~~~~~~~~
/Users/Ashu/Code/songbird-chirp/libraries/asio/asio/include/asio/ssl/impl/context.ipp:1285:41: warning: implicit conversion changes signedness: 'int' to 'size_t' (aka 'unsigned long') [-Wsign-conversion]
 1285 |       strncat(buf, passwd.c_str(), size - 1);
      |       ~~~~~~~                      ~~~~~^~~
/Users/Ashu/Code/songbird-chirp/libraries/asio/asio/include/asio/ssl/impl/context.ipp:1307:41: warning: implicit conversion changes signedness: 'long' to 'unsigned long' [-Wsign-conversion]
 1307 |         static_cast<int>(ERR_GET_REASON(error)),
      |                          ~~~~~~~~~~~~~~ ^~~~~
In file included from /Users/Ashu/Code/songbird-chirp/app/SongbirdEditor.cpp:1:
In file included from /Users/Ashu/Code/songbird-chirp/app/SongbirdEditor.h:8:
In file included from /Users/Ashu/Code/songbird-chirp/libraries/magenta/LyriaPlugin.h:4:
In file included from /Users/Ashu/Code/songbird-chirp/libraries/magenta/Gemini.h:3:
In file included from /Users/Ashu/Code/songbird-chirp/libraries/magenta/GeminiTypes.h:3:
In file included from /Users/Ashu/Code/songbird-chirp/libraries/magenta/MagentaAliases.h:23:
In file included from /Users/Ashu/Code/songbird-chirp/libraries/websocketpp/websocketpp/config/asio_client.hpp:33:
In file included from /Users/Ashu/Code/songbird-chirp/libraries/websocketpp/websocketpp/transport/asio/security/tls.hpp:35:
In file included from /Users/Ashu/Code/songbird-chirp/libraries/websocketpp/websocketpp/common/asio_ssl.hpp:34:
In file included from /Users/Ashu/Code/songbird-chirp/libraries/asio/asio/include/asio/ssl.hpp:21:
In file included from /Users/Ashu/Code/songbird-chirp/libraries/asio/asio/include/asio/ssl/rfc2818_verification.hpp:93:
/Users/Ashu/Code/songbird-chirp/libraries/asio/asio/include/asio/ssl/impl/rfc2818_verification.ipp:68:46: warning: implicit conversion changes signedness: 'int' to 'std::size_t' (aka 'unsigned long') [-Wsign-conversion]
   68 |         std::size_t pattern_length = domain->length;
      |                     ~~~~~~~~~~~~~~   ~~~~~~~~^~~~~~
/Users/Ashu/Code/songbird-chirp/libraries/asio/asio/include/asio/ssl/impl/rfc2818_verification.ipp:117:47: warning: implicit conversion changes signedness: 'int' to 'std::size_t' (aka 'unsigned long') [-Wsign-conversion]
  117 |     std::size_t pattern_length = common_name->length;
      |                 ~~~~~~~~~~~~~~   ~~~~~~~~~~~~~^~~~~~
/Users/Ashu/Code/songbird-chirp/libraries/asio/asio/include/asio/ssl/impl/rfc2818_verification.ipp:140:36: warning: implicit conversion changes signedness: 'long' to 'std::size_t' (aka 'unsigned long') [-Wsign-conversion]
  140 |         if (match_pattern(p, p_end - p, h++))
      |             ~~~~~~~~~~~~~    ~~~~~~^~~
In file included from /Users/Ashu/Code/songbird-chirp/app/SongbirdEditor.cpp:1:
In file included from /Users/Ashu/Code/songbird-chirp/app/SongbirdEditor.h:8:
In file included from /Users/Ashu/Code/songbird-chirp/libraries/magenta/LyriaPlugin.h:4:
In file included from /Users/Ashu/Code/songbird-chirp/libraries/magenta/Gemini.h:3:
/Users/Ashu/Code/songbird-chirp/libraries/magenta/GeminiTypes.h:14:74: warning: extra ';' outside of a function is incompatible with C++98 [-Wc++98-compat-extra-semi]
   14 | NLOHMANN_DEFINE_TYPE_OPTIONAL(GeminiConfig, endpoint, audioModel, apiKey);
      |                                                                          ^
/Users/Ashu/Code/songbird-chirp/libraries/magenta/GeminiTypes.h:49:3: warning: extra ';' outside of a function is incompatible with C++98 [-Wc++98-compat-extra-semi]
   49 | });
      |   ^
/Users/Ashu/Code/songbird-chirp/libraries/magenta/GeminiTypes.h:60:3: warning: extra ';' outside of a function is incompatible with C++98 [-Wc++98-compat-extra-semi]
   60 | });
      |   ^
/Users/Ashu/Code/songbird-chirp/libraries/magenta/GeminiTypes.h:75:3: warning: extra ';' outside of a function is incompatible with C++98 [-Wc++98-compat-extra-semi]
   75 | });
      |   ^
/Users/Ashu/Code/songbird-chirp/libraries/magenta/GeminiTypes.h:80:59: warning: extra ';' outside of a function is incompatible with C++98 [-Wc++98-compat-extra-semi]
   80 | NLOHMANN_DEFINE_TYPE_OPTIONAL(LiveMusicClientSetup, model);
      |                                                           ^
/Users/Ashu/Code/songbird-chirp/libraries/magenta/GeminiTypes.h:86:60: warning: extra ';' outside of a function is incompatible with C++98 [-Wc++98-compat-extra-semi]
   86 | NLOHMANN_DEFINE_TYPE_OPTIONAL(WeightedPrompt, text, weight);
      |                                                            ^
/Users/Ashu/Code/songbird-chirp/libraries/magenta/GeminiTypes.h:91:71: warning: extra ';' outside of a function is incompatible with C++98 [-Wc++98-compat-extra-semi]
   91 | NLOHMANN_DEFINE_TYPE_OPTIONAL(LiveMusicClientContent, weightedPrompts);
      |                                                                       ^
/Users/Ashu/Code/songbird-chirp/libraries/magenta/GeminiTypes.h:109:78: warning: extra ';' outside of a function is incompatible with C++98 [-Wc++98-compat-extra-semi]
  109 |                             muteDrums, onlyBassAndDrums, musicGenerationMode);
      |                                                                              ^
/Users/Ashu/Code/songbird-chirp/libraries/magenta/GeminiTypes.h:115:58: warning: extra ';' outside of a function is incompatible with C++98 [-Wc++98-compat-extra-semi]
  115 | NLOHMANN_DEFINE_TYPE_OPTIONAL(AudioChunk, data, mimeType);
      |                                                          ^
/Users/Ashu/Code/songbird-chirp/libraries/magenta/GeminiTypes.h:120:67: warning: extra ';' outside of a function is incompatible with C++98 [-Wc++98-compat-extra-semi]
  120 | NLOHMANN_DEFINE_TYPE_OPTIONAL(LiveMusicServerContent, audioChunks);
      |                                                                   ^
/Users/Ashu/Code/songbird-chirp/libraries/magenta/GeminiTypes.h:126:77: warning: extra ';' outside of a function is incompatible with C++98 [-Wc++98-compat-extra-semi]
  126 | NLOHMANN_DEFINE_TYPE_OPTIONAL(LiveMusicFilteredPrompt, text, filteredReason);
      |                                                                             ^
/Users/Ashu/Code/songbird-chirp/libraries/magenta/GeminiTypes.h:135:69: warning: extra ';' outside of a function is incompatible with C++98 [-Wc++98-compat-extra-semi]
  135 | NLOHMANN_DEFINE_TYPE_OPTIONAL(GeminiClientContent, weighted_prompts);
      |                                                                     ^
/Users/Ashu/Code/songbird-chirp/libraries/magenta/GeminiTypes.h:140:56: warning: extra ';' outside of a function is incompatible with C++98 [-Wc++98-compat-extra-semi]
  140 | NLOHMANN_DEFINE_TYPE_OPTIONAL(GeminiSetupParams, setup);
      |                                                        ^
/Users/Ashu/Code/songbird-chirp/libraries/magenta/GeminiTypes.h:145:66: warning: extra ';' outside of a function is incompatible with C++98 [-Wc++98-compat-extra-semi]
  145 | NLOHMANN_DEFINE_TYPE_OPTIONAL(GeminiPromptParams, client_content);
      |                                                                  ^
/Users/Ashu/Code/songbird-chirp/libraries/magenta/GeminiTypes.h:150:70: warning: extra ';' outside of a function is incompatible with C++98 [-Wc++98-compat-extra-semi]
  150 | NLOHMANN_DEFINE_TYPE_OPTIONAL(GeminiPlaybackParams, playback_control);
      |                                                                      ^
/Users/Ashu/Code/songbird-chirp/libraries/magenta/GeminiTypes.h:155:75: warning: extra ';' outside of a function is incompatible with C++98 [-Wc++98-compat-extra-semi]
  155 | NLOHMANN_DEFINE_TYPE_OPTIONAL(GeminiConfigParams, music_generation_config);
      |                                                                           ^
In file included from /Users/Ashu/Code/songbird-chirp/app/SongbirdEditor.cpp:1:
In file included from /Users/Ashu/Code/songbird-chirp/app/SongbirdEditor.h:8:
In file included from /Users/Ashu/Code/songbird-chirp/libraries/magenta/LyriaPlugin.h:4:
In file included from /Users/Ashu/Code/songbird-chirp/libraries/magenta/Gemini.h:4:
/Users/Ashu/Code/songbird-chirp/libraries/magenta/LyriaConfig.h:12:74: warning: extra ';' outside of a function is incompatible with C++98 [-Wc++98-compat-extra-semi]
   12 | NLOHMANN_DEFINE_TYPE_NON_INTRUSIVE_WITH_DEFAULT(Prompt, id, text, weight);
      |                                                                          ^
/Users/Ashu/Code/songbird-chirp/libraries/magenta/LyriaConfig.h:35:23: warning: extra ';' outside of a function is incompatible with C++98 [-Wc++98-compat-extra-semi]
   35 |     generationQuality);
      |                       ^
/Users/Ashu/Code/songbird-chirp/app/SongbirdEditor.cpp:277:53: error: no member named 'trackName' in 'juce::MidiMessage'
  277 |                     seq.addEvent(juce::MidiMessage::trackName(juce::String(ch.name)), 0.0);
      |                                  ~~~~~~~~~~~~~~~~~~~^
In file included from /Users/Ashu/Code/songbird-chirp/app/SongbirdEditor.cpp:1:
In file included from /Users/Ashu/Code/songbird-chirp/app/SongbirdEditor.h:8:
In file included from /Users/Ashu/Code/songbird-chirp/libraries/magenta/LyriaPlugin.h:4:
In file included from /Users/Ashu/Code/songbird-chirp/libraries/magenta/Gemini.h:3:
In file included from /Users/Ashu/Code/songbird-chirp/libraries/magenta/GeminiTypes.h:3:
In file included from /Users/Ashu/Code/songbird-chirp/libraries/magenta/MagentaAliases.h:23:
In file included from /Users/Ashu/Code/songbird-chirp/libraries/websocketpp/websocketpp/config/asio_client.hpp:32:
In file included from /Users/Ashu/Code/songbird-chirp/libraries/websocketpp/websocketpp/transport/asio/endpoint.hpp:32:
In file included from /Users/Ashu/Code/songbird-chirp/libraries/websocketpp/websocketpp/transport/asio/connection.hpp:31:
In file included from /Users/Ashu/Code/songbird-chirp/libraries/websocketpp/websocketpp/transport/asio/base.hpp:31:
In file included from /Users/Ashu/Code/songbird-chirp/libraries/websocketpp/websocketpp/common/asio.hpp:52:
In file included from /Users/Ashu/Code/songbird-chirp/libraries/asio/asio/include/asio.hpp:118:
In file included from /Users/Ashu/Code/songbird-chirp/libraries/asio/asio/include/asio/ip/address.hpp:25:
In file included from /Users/Ashu/Code/songbird-chirp/libraries/asio/asio/include/asio/ip/address_v6.hpp:413:
In file included from /Users/Ashu/Code/songbird-chirp/libraries/asio/asio/include/asio/ip/impl/address_v6.ipp:27:
/Users/Ashu/Code/songbird-chirp/libraries/asio/asio/include/asio/ip/bad_address_cast.hpp:39:11: warning: definition of implicit copy constructor for 'bad_address_cast' is deprecated because it has a user-provided destructor [-Wdeprecated-copy-with-user-provided-dtor]
   39 |   virtual ~bad_address_cast() ASIO_NOEXCEPT_OR_NOTHROW {}
      |           ^
/Users/Ashu/Code/songbird-chirp/libraries/asio/asio/include/asio/detail/throw_exception.hpp:46:9: note: in implicit copy constructor for 'asio::ip::bad_address_cast' first required here
   46 |   throw e;
      |         ^
/Users/Ashu/Code/songbird-chirp/libraries/asio/asio/include/asio/ip/impl/address_v6.ipp:132:19: note: in instantiation of function template specialization 'asio::detail::throw_exception<asio::ip::bad_address_cast>' requested here
  132 |     asio::detail::throw_exception(ex);
      |                   ^
In file included from /Users/Ashu/Code/songbird-chirp/app/SongbirdEditor.cpp:1:
In file included from /Users/Ashu/Code/songbird-chirp/app/SongbirdEditor.h:8:
In file included from /Users/Ashu/Code/songbird-chirp/libraries/magenta/LyriaPlugin.h:4:
In file included from /Users/Ashu/Code/songbird-chirp/libraries/magenta/Gemini.h:3:
In file included from /Users/Ashu/Code/songbird-chirp/libraries/magenta/GeminiTypes.h:3:
In file included from /Users/Ashu/Code/songbird-chirp/libraries/magenta/MagentaAliases.h:23:
In file included from /Users/Ashu/Code/songbird-chirp/libraries/websocketpp/websocketpp/config/asio_client.hpp:32:
In file included from /Users/Ashu/Code/songbird-chirp/libraries/websocketpp/websocketpp/transport/asio/endpoint.hpp:32:
In file included from /Users/Ashu/Code/songbird-chirp/libraries/websocketpp/websocketpp/transport/asio/connection.hpp:31:
In file included from /Users/Ashu/Code/songbird-chirp/libraries/websocketpp/websocketpp/transport/asio/base.hpp:31:
In file included from /Users/Ashu/Code/songbird-chirp/libraries/websocketpp/websocketpp/common/asio.hpp:52:
In file included from /Users/Ashu/Code/songbird-chirp/libraries/asio/asio/include/asio.hpp:115:
/Users/Ashu/Code/songbird-chirp/libraries/asio/asio/include/asio/io_context_strand.hpp:119:3: warning: definition of implicit copy constructor for 'strand' is deprecated because it has a user-provided destructor [-Wdeprecated-copy-with-user-provided-dtor]
  119 |   ~strand()
      |   ^
/Users/Ashu/Code/songbird-chirp/libraries/asio/asio/include/asio/detail/wrapped_handler.hpp:67:7: note: in implicit copy constructor for 'asio::io_context::strand' first required here
   67 |     : dispatcher_(other.dispatcher_),
      |       ^
/Users/Ashu/Code/songbird-chirp/libraries/asio/asio/include/asio/detail/completion_handler.hpp:38:7: note: in instantiation of member function 'asio::detail::wrapped_handler<asio::io_context::strand, std::function<void ()>, asio::detail::is_continuation_if_running>::wrapped_handler' requested here
   38 |       handler_(ASIO_MOVE_CAST(Handler)(h)),
      |       ^
/Users/Ashu/Code/songbird-chirp/libraries/asio/asio/include/asio/impl/io_context.hpp:188:21: note: in instantiation of member function 'asio::detail::completion_handler<asio::detail::wrapped_handler<asio::io_context::strand, std::function<void ()>, asio::detail::is_continuation_if_running>, asio::io_context::basic_executor_type<std::allocator<void>, 0>>::completion_handler' requested here
  188 |     p.p = new (p.v) op(handler2.value, self->get_executor());
      |                     ^
/Users/Ashu/Code/songbird-chirp/libraries/asio/asio/include/asio/async_result.hpp:481:5: note: in instantiation of function template specialization 'asio::io_context::initiate_post::operator()<asio::detail::wrapped_handler<asio::io_context::strand, std::function<void ()>, asio::detail::is_continuation_if_running>>' requested here
  481 |     ASIO_MOVE_CAST(Initiation)(initiation)(
      |     ^
/Users/Ashu/Code/songbird-chirp/libraries/asio/asio/include/asio/detail/config.hpp:160:31: note: expanded from macro 'ASIO_MOVE_CAST'
  160 | # define ASIO_MOVE_CAST(type) static_cast<type&&>
      |                               ^
/Users/Ashu/Code/songbird-chirp/libraries/asio/asio/include/asio/async_result.hpp:895:21: note: in instantiation of function template specialization 'asio::detail::completion_handler_async_result<asio::detail::wrapped_handler<asio::io_context::strand, std::function<void ()>, asio::detail::is_continuation_if_running>, void ()>::initiate<asio::io_context::initiate_post, asio::detail::wrapped_handler<asio::io_context::strand, std::function<void ()>, asio::detail::is_continuation_if_running>, asio::io_context *>' requested here
  895 |     Signatures...>::initiate(ASIO_MOVE_CAST(Initiation)(initiation),
      |                     ^
/Users/Ashu/Code/songbird-chirp/libraries/asio/asio/include/asio/impl/io_context.hpp:205:10: note: in instantiation of function template specialization 'asio::async_initiate<asio::detail::wrapped_handler<asio::io_context::strand, std::function<void ()>, asio::detail::is_continuation_if_running>, void (), asio::io_context::initiate_post, asio::io_context *>' requested here
  205 |   return async_initiate<LegacyCompletionHandler, void ()>(
      |          ^
In file included from /Users/Ashu/Code/songbird-chirp/app/SongbirdEditor.cpp:1:
In file included from /Users/Ashu/Code/songbird-chirp/app/SongbirdEditor.h:8:
In file included from /Users/Ashu/Code/songbird-chirp/libraries/magenta/LyriaPlugin.h:4:
In file included from /Users/Ashu/Code/songbird-chirp/libraries/magenta/Gemini.h:3:
In file included from /Users/Ashu/Code/songbird-chirp/libraries/magenta/GeminiTypes.h:3:
In file included from /Users/Ashu/Code/songbird-chirp/libraries/magenta/MagentaAliases.h:23:
In file included from /Users/Ashu/Code/songbird-chirp/libraries/websocketpp/websocketpp/config/asio_client.hpp:33:
In file included from /Users/Ashu/Code/songbird-chirp/libraries/websocketpp/websocketpp/transport/asio/security/tls.hpp:35:
In file included from /Users/Ashu/Code/songbird-chirp/libraries/websocketpp/websocketpp/common/asio_ssl.hpp:34:
In file included from /Users/Ashu/Code/songbird-chirp/libraries/asio/asio/include/asio/ssl.hpp:23:
In file included from /Users/Ashu/Code/songbird-chirp/libraries/asio/asio/include/asio/ssl/stream.hpp:29:
/Users/Ashu/Code/songbird-chirp/libraries/asio/asio/include/asio/ssl/detail/io.hpp:153:17: warning: enumeration value 'want_nothing' not explicitly handled in switch [-Wswitch-enum]
  153 |         switch (want_ = op_(core_.engine_, ec_, bytes_transferred_))
      |                 ^~~~~~~~~~~~~~~~~~~~~~~~~~~~~~~~~~~~~~~~~~~~~~~~~~~
/Users/Ashu/Code/songbird-chirp/libraries/asio/asio/include/asio/ssl/detail/io.hpp:397:3: note: in instantiation of member function 'asio::ssl::detail::io_op<asio::basic_stream_socket<asio::ip::tcp>, asio::ssl::detail::handshake_op, asio::detail::wrapped_handler<asio::io_context::strand, std::__bind<void (websocketpp::transport::asio::tls_socket::connection::*)(std::function<void (const std::error_code &)>, const std::error_code &), std::shared_ptr<websocketpp::transport::asio::tls_socket::connection>, std::function<void (const std::error_code &)> &, const std::placeholders::__ph<1> &>, asio::detail::is_continuation_if_running>>::operator()' requested here
  397 |   io_op<Stream, Operation, Handler>(
      |   ^
/Users/Ashu/Code/songbird-chirp/libraries/asio/asio/include/asio/ssl/stream.hpp:925:15: note: in instantiation of function template specialization 'asio::ssl::detail::async_io<asio::basic_stream_socket<asio::ip::tcp>, asio::ssl::detail::handshake_op, asio::detail::wrapped_handler<asio::io_context::strand, std::__bind<void (websocketpp::transport::asio::tls_socket::connection::*)(std::function<void (const std::error_code &)>, const std::error_code &), std::shared_ptr<websocketpp::transport::asio::tls_socket::connection>, std::function<void (const std::error_code &)> &, const std::placeholders::__ph<1> &>, asio::detail::is_continuation_if_running>>' requested here
  925 |       detail::async_io(self_->next_layer_, self_->core_,
      |               ^
/Users/Ashu/Code/songbird-chirp/libraries/asio/asio/include/asio/async_result.hpp:481:5: note: in instantiation of function template specialization 'asio::ssl::stream<asio::basic_stream_socket<asio::ip::tcp>>::initiate_async_handshake::operator()<asio::detail::wrapped_handler<asio::io_context::strand, std::__bind<void (websocketpp::transport::asio::tls_socket::connection::*)(std::function<void (const std::error_code &)>, const std::error_code &), std::shared_ptr<websocketpp::transport::asio::tls_socket::connection>, std::function<void (const std::error_code &)> &, const std::placeholders::__ph<1> &>, asio::detail::is_continuation_if_running>>' requested here
  481 |     ASIO_MOVE_CAST(Initiation)(initiation)(
      |     ^
/Users/Ashu/Code/songbird-chirp/libraries/asio/asio/include/asio/detail/config.hpp:160:31: note: expanded from macro 'ASIO_MOVE_CAST'
  160 | # define ASIO_MOVE_CAST(type) static_cast<type&&>
      |                               ^
/Users/Ashu/Code/songbird-chirp/libraries/asio/asio/include/asio/async_result.hpp:895:21: note: in instantiation of function template specialization 'asio::detail::completion_handler_async_result<asio::detail::wrapped_handler<asio::io_context::strand, std::__bind<void (websocketpp::transport::asio::tls_socket::connection::*)(std::function<void (const std::error_code &)>, const std::error_code &), std::shared_ptr<websocketpp::transport::asio::tls_socket::connection>, std::function<void (const std::error_code &)> &, const std::placeholders::__ph<1> &>, asio::detail::is_continuation_if_running>, void (std::error_code)>::initiate<asio::ssl::stream<asio::basic_stream_socket<asio::ip::tcp>>::initiate_async_handshake, asio::detail::wrapped_handler<asio::io_context::strand, std::__bind<void (websocketpp::transport::asio::tls_socket::connection::*)(std::function<void (const std::error_code &)>, const std::error_code &), std::shared_ptr<websocketpp::transport::asio::tls_socket::connection>, std::function<void (const std::error_code &)> &, const std::placeholders::__ph<1> &>, asio::detail::is_continuation_if_running>, asio::ssl::stream_base::handshake_type &>' requested here
  895 |     Signatures...>::initiate(ASIO_MOVE_CAST(Initiation)(initiation),
      |                     ^
/Users/Ashu/Code/songbird-chirp/libraries/asio/asio/include/asio/ssl/stream.hpp:531:12: note: in instantiation of function template specialization 'asio::async_initiate<asio::detail::wrapped_handler<asio::io_context::strand, std::__bind<void (websocketpp::transport::asio::tls_socket::connection::*)(std::function<void (const std::error_code &)>, const std::error_code &), std::shared_ptr<websocketpp::transport::asio::tls_socket::connection>, std::function<void (const std::error_code &)> &, const std::placeholders::__ph<1> &>, asio::detail::is_continuation_if_running>, void (std::error_code), asio::ssl::stream<asio::basic_stream_socket<asio::ip::tcp>>::initiate_async_handshake, asio::ssl::stream_base::handshake_type &>' requested here
  531 |     return async_initiate<HandshakeToken,
      |            ^
/Users/Ashu/Code/songbird-chirp/libraries/asio/asio/include/asio/ssl/detail/io.hpp:153:17: note: add missing switch cases
  153 |         switch (want_ = op_(core_.engine_, ec_, bytes_transferred_))
      |                 ^
/Users/Ashu/Code/songbird-chirp/libraries/asio/asio/include/asio/ssl/detail/io.hpp:261:17: warning: enumeration value 'want_nothing' not explicitly handled in switch [-Wswitch-enum]
  261 |         switch (want_)
      |                 ^~~~~
/Users/Ashu/Code/songbird-chirp/libraries/asio/asio/include/asio/ssl/detail/io.hpp:261:17: note: add missing switch cases
  261 |         switch (want_)
      |                 ^
/Users/Ashu/Code/songbird-chirp/libraries/asio/asio/include/asio/ssl/detail/io.hpp:153:17: warning: enumeration value 'want_nothing' not explicitly handled in switch [-Wswitch-enum]
  153 |         switch (want_ = op_(core_.engine_, ec_, bytes_transferred_))
      |                 ^~~~~~~~~~~~~~~~~~~~~~~~~~~~~~~~~~~~~~~~~~~~~~~~~~~
/Users/Ashu/Code/songbird-chirp/libraries/asio/asio/include/asio/ssl/detail/io.hpp:397:3: note: in instantiation of member function 'asio::ssl::detail::io_op<asio::basic_stream_socket<asio::ip::tcp>, asio::ssl::detail::handshake_op, std::__bind<void (websocketpp::transport::asio::tls_socket::connection::*)(std::function<void (const std::error_code &)>, const std::error_code &), std::shared_ptr<websocketpp::transport::asio::tls_socket::connection>, std::function<void (const std::error_code &)> &, const std::placeholders::__ph<1> &>>::operator()' requested here
  397 |   io_op<Stream, Operation, Handler>(
      |   ^
/Users/Ashu/Code/songbird-chirp/libraries/asio/asio/include/asio/ssl/stream.hpp:925:15: note: in instantiation of function template specialization 'asio::ssl::detail::async_io<asio::basic_stream_socket<asio::ip::tcp>, asio::ssl::detail::handshake_op, std::__bind<void (websocketpp::transport::asio::tls_socket::connection::*)(std::function<void (const std::error_code &)>, const std::error_code &), std::shared_ptr<websocketpp::transport::asio::tls_socket::connection>, std::function<void (const std::error_code &)> &, const std::placeholders::__ph<1> &>>' requested here
  925 |       detail::async_io(self_->next_layer_, self_->core_,
      |               ^
/Users/Ashu/Code/songbird-chirp/libraries/asio/asio/include/asio/async_result.hpp:481:5: note: in instantiation of function template specialization 'asio::ssl::stream<asio::basic_stream_socket<asio::ip::tcp>>::initiate_async_handshake::operator()<std::__bind<void (websocketpp::transport::asio::tls_socket::connection::*)(std::function<void (const std::error_code &)>, const std::error_code &), std::shared_ptr<websocketpp::transport::asio::tls_socket::connection>, std::function<void (const std::error_code &)> &, const std::placeholders::__ph<1> &>>' requested here
  481 |     ASIO_MOVE_CAST(Initiation)(initiation)(
      |     ^
/Users/Ashu/Code/songbird-chirp/libraries/asio/asio/include/asio/detail/config.hpp:160:31: note: expanded from macro 'ASIO_MOVE_CAST'
  160 | # define ASIO_MOVE_CAST(type) static_cast<type&&>
      |                               ^
/Users/Ashu/Code/songbird-chirp/libraries/asio/asio/include/asio/async_result.hpp:895:21: note: in instantiation of function template specialization 'asio::detail::completion_handler_async_result<std::__bind<void (websocketpp::transport::asio::tls_socket::connection::*)(std::function<void (const std::error_code &)>, const std::error_code &), std::shared_ptr<websocketpp::transport::asio::tls_socket::connection>, std::function<void (const std::error_code &)> &, const std::placeholders::__ph<1> &>, void (std::error_code)>::initiate<asio::ssl::stream<asio::basic_stream_socket<asio::ip::tcp>>::initiate_async_handshake, std::__bind<void (websocketpp::transport::asio::tls_socket::connection::*)(std::function<void (const std::error_code &)>, const std::error_code &), std::shared_ptr<websocketpp::transport::asio::tls_socket::connection>, std::function<void (const std::error_code &)> &, const std::placeholders::__ph<1> &>, asio::ssl::stream_base::handshake_type &>' requested here
  895 |     Signatures...>::initiate(ASIO_MOVE_CAST(Initiation)(initiation),
      |                     ^
/Users/Ashu/Code/songbird-chirp/libraries/asio/asio/include/asio/ssl/stream.hpp:531:12: note: in instantiation of function template specialization 'asio::async_initiate<std::__bind<void (websocketpp::transport::asio::tls_socket::connection::*)(std::function<void (const std::error_code &)>, const std::error_code &), std::shared_ptr<websocketpp::transport::asio::tls_socket::connection>, std::function<void (const std::error_code &)> &, const std::placeholders::__ph<1> &>, void (std::error_code), asio::ssl::stream<asio::basic_stream_socket<asio::ip::tcp>>::initiate_async_handshake, asio::ssl::stream_base::handshake_type &>' requested here
  531 |     return async_initiate<HandshakeToken,
      |            ^
/Users/Ashu/Code/songbird-chirp/libraries/asio/asio/include/asio/ssl/detail/io.hpp:153:17: note: add missing switch cases
  153 |         switch (want_ = op_(core_.engine_, ec_, bytes_transferred_))
      |                 ^
/Users/Ashu/Code/songbird-chirp/libraries/asio/asio/include/asio/ssl/detail/io.hpp:261:17: warning: enumeration value 'want_nothing' not explicitly handled in switch [-Wswitch-enum]
  261 |         switch (want_)
      |                 ^~~~~
/Users/Ashu/Code/songbird-chirp/libraries/asio/asio/include/asio/ssl/detail/io.hpp:261:17: note: add missing switch cases
  261 |         switch (want_)
      |                 ^
/Users/Ashu/Code/songbird-chirp/libraries/asio/asio/include/asio/ssl/detail/io.hpp:153:17: warning: enumeration value 'want_nothing' not explicitly handled in switch [-Wswitch-enum]
  153 |         switch (want_ = op_(core_.engine_, ec_, bytes_transferred_))
      |                 ^~~~~~~~~~~~~~~~~~~~~~~~~~~~~~~~~~~~~~~~~~~~~~~~~~~
/Users/Ashu/Code/songbird-chirp/libraries/asio/asio/include/asio/ssl/detail/io.hpp:397:3: note: in instantiation of member function 'asio::ssl::detail::io_op<asio::basic_stream_socket<asio::ip::tcp>, asio::ssl::detail::shutdown_op, asio::detail::wrapped_handler<asio::io_context::strand, std::function<void (const std::error_code &)>, asio::detail::is_continuation_if_running>>::operator()' requested here
  397 |   io_op<Stream, Operation, Handler>(
      |   ^
/Users/Ashu/Code/songbird-chirp/libraries/asio/asio/include/asio/ssl/stream.hpp:992:15: note: in instantiation of function template specialization 'asio::ssl::detail::async_io<asio::basic_stream_socket<asio::ip::tcp>, asio::ssl::detail::shutdown_op, asio::detail::wrapped_handler<asio::io_context::strand, std::function<void (const std::error_code &)>, asio::detail::is_continuation_if_running>>' requested here
  992 |       detail::async_io(self_->next_layer_, self_->core_,
      |               ^
/Users/Ashu/Code/songbird-chirp/libraries/asio/asio/include/asio/async_result.hpp:481:5: note: in instantiation of function template specialization 'asio::ssl::stream<asio::basic_stream_socket<asio::ip::tcp>>::initiate_async_shutdown::operator()<asio::detail::wrapped_handler<asio::io_context::strand, std::function<void (const std::error_code &)>, asio::detail::is_continuation_if_running>>' requested here
  481 |     ASIO_MOVE_CAST(Initiation)(initiation)(
      |     ^
/Users/Ashu/Code/songbird-chirp/libraries/asio/asio/include/asio/detail/config.hpp:160:31: note: expanded from macro 'ASIO_MOVE_CAST'
  160 | # define ASIO_MOVE_CAST(type) static_cast<type&&>
      |                               ^
/Users/Ashu/Code/songbird-chirp/libraries/asio/asio/include/asio/async_result.hpp:895:21: note: in instantiation of function template specialization 'asio::detail::completion_handler_async_result<asio::detail::wrapped_handler<asio::io_context::strand, std::function<void (const std::error_code &)>, asio::detail::is_continuation_if_running>, void (std::error_code)>::initiate<asio::ssl::stream<asio::basic_stream_socket<asio::ip::tcp>>::initiate_async_shutdown, asio::detail::wrapped_handler<asio::io_context::strand, std::function<void (const std::error_code &)>, asio::detail::is_continuation_if_running>>' requested here
  895 |     Signatures...>::initiate(ASIO_MOVE_CAST(Initiation)(initiation),
      |                     ^
/Users/Ashu/Code/songbird-chirp/libraries/asio/asio/include/asio/ssl/stream.hpp:671:12: note: in instantiation of function template specialization 'asio::async_initiate<asio::detail::wrapped_handler<asio::io_context::strand, std::function<void (const std::error_code &)>, asio::detail::is_continuation_if_running>, void (std::error_code), asio::ssl::stream<asio::basic_stream_socket<asio::ip::tcp>>::initiate_async_shutdown>' requested here
  671 |     return async_initiate<ShutdownToken,
      |            ^
/Users/Ashu/Code/songbird-chirp/libraries/asio/asio/include/asio/ssl/detail/io.hpp:153:17: note: add missing switch cases
  153 |         switch (want_ = op_(core_.engine_, ec_, bytes_transferred_))
      |                 ^
/Users/Ashu/Code/songbird-chirp/libraries/asio/asio/include/asio/ssl/detail/io.hpp:261:17: warning: enumeration value 'want_nothing' not explicitly handled in switch [-Wswitch-enum]
  261 |         switch (want_)
      |                 ^~~~~
/Users/Ashu/Code/songbird-chirp/libraries/asio/asio/include/asio/ssl/detail/io.hpp:261:17: note: add missing switch cases
  261 |         switch (want_)
      |                 ^
/Users/Ashu/Code/songbird-chirp/libraries/asio/asio/include/asio/ssl/detail/io.hpp:153:17: warning: enumeration value 'want_nothing' not explicitly handled in switch [-Wswitch-enum]
  153 |         switch (want_ = op_(core_.engine_, ec_, bytes_transferred_))
      |                 ^~~~~~~~~~~~~~~~~~~~~~~~~~~~~~~~~~~~~~~~~~~~~~~~~~~
/Users/Ashu/Code/songbird-chirp/libraries/asio/asio/include/asio/ssl/detail/io.hpp:397:3: note: in instantiation of member function 'asio::ssl::detail::io_op<asio::basic_stream_socket<asio::ip::tcp>, asio::ssl::detail::shutdown_op, std::function<void (const std::error_code &)>>::operator()' requested here
  397 |   io_op<Stream, Operation, Handler>(
      |   ^
/Users/Ashu/Code/songbird-chirp/libraries/asio/asio/include/asio/ssl/stream.hpp:992:15: note: in instantiation of function template specialization 'asio::ssl::detail::async_io<asio::basic_stream_socket<asio::ip::tcp>, asio::ssl::detail::shutdown_op, std::function<void (const std::error_code &)>>' requested here
  992 |       detail::async_io(self_->next_layer_, self_->core_,
      |               ^
/Users/Ashu/Code/songbird-chirp/libraries/asio/asio/include/asio/async_result.hpp:481:5: note: in instantiation of function template specialization 'asio::ssl::stream<asio::basic_stream_socket<asio::ip::tcp>>::initiate_async_shutdown::operator()<std::function<void (const std::error_code &)> &>' requested here
  481 |     ASIO_MOVE_CAST(Initiation)(initiation)(
      |     ^
/Users/Ashu/Code/songbird-chirp/libraries/asio/asio/include/asio/detail/config.hpp:160:31: note: expanded from macro 'ASIO_MOVE_CAST'
  160 | # define ASIO_MOVE_CAST(type) static_cast<type&&>
      |                               ^
/Users/Ashu/Code/songbird-chirp/libraries/asio/asio/include/asio/async_result.hpp:895:21: note: in instantiation of function template specialization 'asio::detail::completion_handler_async_result<std::function<void (const std::error_code &)>, void (std::error_code)>::initiate<asio::ssl::stream<asio::basic_stream_socket<asio::ip::tcp>>::initiate_async_shutdown, std::function<void (const std::error_code &)> &>' requested here
  895 |     Signatures...>::initiate(ASIO_MOVE_CAST(Initiation)(initiation),
      |                     ^
/Users/Ashu/Code/songbird-chirp/libraries/asio/asio/include/asio/ssl/stream.hpp:671:12: note: in instantiation of function template specialization 'asio::async_initiate<std::function<void (const std::error_code &)> &, void (std::error_code), asio::ssl::stream<asio::basic_stream_socket<asio::ip::tcp>>::initiate_async_shutdown>' requested here
  671 |     return async_initiate<ShutdownToken,
      |            ^
/Users/Ashu/Code/songbird-chirp/libraries/asio/asio/include/asio/ssl/detail/io.hpp:153:17: note: add missing switch cases
  153 |         switch (want_ = op_(core_.engine_, ec_, bytes_transferred_))
      |                 ^
/Users/Ashu/Code/songbird-chirp/libraries/asio/asio/include/asio/ssl/detail/io.hpp:261:17: warning: enumeration value 'want_nothing' not explicitly handled in switch [-Wswitch-enum]
  261 |         switch (want_)
      |                 ^~~~~
/Users/Ashu/Code/songbird-chirp/libraries/asio/asio/include/asio/ssl/detail/io.hpp:261:17: note: add missing switch cases
  261 |         switch (want_)
      |                 ^
179 warnings and 1 error generated.
make[3]: *** [CMakeFiles/SongbirdPlayer.dir/app/SongbirdEditor.cpp.o] Error 1
make[2]: *** [CMakeFiles/SongbirdPlayer.dir/all] Error 2
make[1]: *** [CMakeFiles/SongbirdPlayer.dir/rule] Error 2
make: *** [SongbirdPlayer] Error 2
